  ><((((*>  ><((((*>  ><((((*>  ><((((*>  ><((((*>  ><((((*>  ><((((*> 
 
         _____ __________  _   ________  
        / ___// ____/ __ \/ | / / ____/  
        \__ \/ /   / / / /  |/ / __/     
       ___/ / /___/ /_/ / /|  / /___     
      /____/\____/\____/_/ |_/_____/     
 
 
 Compiler Info :   GCC version 9.4.0
 OpenMP Threads:   40
 MPI Processes:     1

  <*((((><  <*((((><  <*((((><  <*((((><  <*((((><  <*((((><  <*((((>< 
 <><><><><><><><><><><><><><><><><><><><><><><><><><><><><><><><><><><>
 /\/\ READING GEOMETRY /\/\
 Building Surfaces
 DONE!
 Building Cells
 DONE!
 Building Universes
 DONE!
 CHECKING GEOMETRY:
   Recursion in definition - NOT PRESENT!
   Nesting level - FINE!
   Outside below root - NOT PRESENT!
 BUILDING GEOMETRY GRAPH
 DONE!
 GEOMETRY INFORMATION
   Number of Surfaces: 1
   Number of Cells: 0
   Number of Universes: 7
   Nesting Levels: 4
   Unique Cells: 12
   Unused universes (ID): 
   Boundary Surface ID: 1
   Boundary Surface Type: zSquareCylinder
   Boundary Conditions: 1 0 0 1 1 1
 \/\/ FINISHED READING GEOMETRY \/\/
 <><><><><><><><><><><><><><><><><><><><><><><><><><><><><><><><><><><>
 Building: 42095.01 with index: 1
 Building: 11023.01 with index: 2
 Building: 40090.01 with index: 3
 Building: 42096.01 with index: 4
 Building: 26054.01 with index: 5
 Building: 24054.01 with index: 6
 Building: 42100.01 with index: 7
 Building: 40092.01 with index: 8
 Building: 6012.02 with index: 9
 including S(alpha,beta) tables with files: 
 grph10.46                     
 Building: 26056.01 with index: 10
 Building: 24053.01 with index: 11
 Building: 42092.01 with index: 12
 Building: 40094.01 with index: 13
 Building: 94241.01 with index: 14
 Building: 2004.02 with index: 15
 Building: 26058.01 with index: 16
 Building: 42097.01 with index: 17
 Building: 42098.01 with index: 18
 Building: 24050.01 with index: 19
 Building: 94240.01 with index: 20
 Building: 40091.01 with index: 21
 Building: 26057.01 with index: 22
 Building: 92235.01 with index: 23
 Building: 24052.01 with index: 24
 Building: 94239.01 with index: 25
 Building: 92238.01 with index: 26
 Building: 42094.01 with index: 27
 Building: 40096.01 with index: 28
 CE unionised energy grid has size: 688889
 CE unionised majorant cross section calculation completed
 Initialising visualiser
 Constructing visualisation
 <><><><><><><><><><><><><><><><><><><><><><><><><><><><><><><><><><><>
 /\/\ EIGENVALUE CALCULATION WITH POWER ITERATION METHOD /\/\
 Inactive Cycles:    200
 Active Cycles:      100
 Neutron Population: 1000000
 Initial RNG Seed:   1
 
 <><><><><><><><><><><><><><><><><><><><><><><><><><><><><><><><><><><>
 <><><><><><><><><><><><><><><><><><><><><><><><><><><><><><><><><><><>
 /\/\ EIGENVALUE CALCULATION /\/\
 GENERATING INITIAL FISSION SOURCE
 DONE!
   ><((((*>  ><((((*>  ><((((*>  ><((((*>  ><((((*>  ><((((*>  ><((((*>
 
 Cycle: 1 of 200
 Pop: 1000000 -> 722523
 Elapsed time:   0:00:10
 End time:       0:35:08
 Time to end:    0:34:58
 k-eff (analog):  0.72252 +/-  0.00000                                 
 >  ><((((*>  ><((((*>  ><((((*>  ><((((*>  ><((((*>  ><((((*>  ><((((*
 
 Cycle: 2 of 200
 Pop: 1000000 -> 983270
 Elapsed time:   0:00:21
 End time:       0:35:19
 Time to end:    0:34:58
 k-eff (analog):  0.71648 +/-  0.00604                                 
 *>  ><((((*>  ><((((*>  ><((((*>  ><((((*>  ><((((*>  ><((((*>  ><((((
 
 Cycle: 3 of 200
 Pop: 1000000 -> 983843
 Elapsed time:   0:00:31
 End time:       0:35:30
 Time to end:    0:34:58
 k-eff (analog):  0.71262 +/-  0.00520                                 
 (*>  ><((((*>  ><((((*>  ><((((*>  ><((((*>  ><((((*>  ><((((*>  ><(((
 
 Cycle: 4 of 200
 Pop: 1000000 -> 988416
 Elapsed time:   0:00:42
 End time:       0:35:41
 Time to end:    0:34:58
 k-eff (analog):  0.71056 +/-  0.00422                                 
 ((*>  ><((((*>  ><((((*>  ><((((*>  ><((((*>  ><((((*>  ><((((*>  ><((
 
 Cycle: 5 of 200
 Pop: 1000000 -> 990079
 Elapsed time:   0:00:53
 End time:       0:35:49
 Time to end:    0:34:55
 k-eff (analog):  0.70915 +/-  0.00356                                 
 (((*>  ><((((*>  ><((((*>  ><((((*>  ><((((*>  ><((((*>  ><((((*>  ><(
 
 Cycle: 6 of 200
 Pop: 1000000 -> 990973
 Elapsed time:   0:01:04
 End time:       0:35:56
 Time to end:    0:34:51
 k-eff (analog):  0.70808 +/-  0.00310                                 
 ((((*>  ><((((*>  ><((((*>  ><((((*>  ><((((*>  ><((((*>  ><((((*>  ><
 
 Cycle: 7 of 200
 Pop: 1000000 -> 993394
 Elapsed time:   0:01:15
 End time:       0:36:01
 Time to end:    0:34:45
 k-eff (analog):  0.70741 +/-  0.00270                                 
 <((((*>  ><((((*>  ><((((*>  ><((((*>  ><((((*>  ><((((*>  ><((((*>  >
 
 Cycle: 8 of 200
 Pop: 1000000 -> 994114
 Elapsed time:   0:01:26
 End time:       0:36:05
 Time to end:    0:34:38
 k-eff (analog):  0.70689 +/-  0.00240                                 
 ><((((*>  ><((((*>  ><((((*>  ><((((*>  ><((((*>  ><((((*>  ><((((*>  
 
 Cycle: 9 of 200
 Pop: 1000000 -> 994995
 Elapsed time:   0:01:37
 End time:       0:36:08
 Time to end:    0:34:30
 k-eff (analog):  0.70650 +/-  0.00215                                 
  ><((((*>  ><((((*>  ><((((*>  ><((((*>  ><((((*>  ><((((*>  ><((((*> 
 
 Cycle: 10 of 200
 Pop: 1000000 -> 996509
 Elapsed time:   0:01:48
 End time:       0:36:11
 Time to end:    0:34:23
 k-eff (analog):  0.70625 +/-  0.00194                                 
   ><((((*>  ><((((*>  ><((((*>  ><((((*>  ><((((*>  ><((((*>  ><((((*>
 
 Cycle: 11 of 200
 Pop: 1000000 -> 992588
 Elapsed time:   0:02:08
 End time:       0:38:54
 Time to end:    0:36:46
 k-eff (analog):  0.70578 +/-  0.00182                                 
 >  ><((((*>  ><((((*>  ><((((*>  ><((((*>  ><((((*>  ><((((*>  ><((((*
 
 Cycle: 12 of 200
 Pop: 1000000 -> 992239
 Elapsed time:   0:02:27
 End time:       0:40:51
 Time to end:    0:38:24
 k-eff (analog):  0.70532 +/-  0.00172                                 
 *>  ><((((*>  ><((((*>  ><((((*>  ><((((*>  ><((((*>  ><((((*>  ><((((
 
 Cycle: 13 of 200
 Pop: 1000000 -> 994571
 Elapsed time:   0:02:45
 End time:       0:42:30
 Time to end:    0:39:44
 k-eff (analog):  0.70502 +/-  0.00161                                 
 (*>  ><((((*>  ><((((*>  ><((((*>  ><((((*>  ><((((*>  ><((((*>  ><(((
 
 Cycle: 14 of 200
 Pop: 1000000 -> 993556
 Elapsed time:   0:03:04
 End time:       0:43:54
 Time to end:    0:40:50
 k-eff (analog):  0.70470 +/-  0.00152                                 
 ((*>  ><((((*>  ><((((*>  ><((((*>  ><((((*>  ><((((*>  ><((((*>  ><((
 
 Cycle: 15 of 200
 Pop: 1000000 -> 993178
 Elapsed time:   0:03:23
 End time:       0:45:08
 Time to end:    0:41:45
 k-eff (analog):  0.70438 +/-  0.00146                                 
 (((*>  ><((((*>  ><((((*>  ><((((*>  ><((((*>  ><((((*>  ><((((*>  ><(
 
 Cycle: 16 of 200
 Pop: 1000000 -> 994893
 Elapsed time:   0:03:41
 End time:       0:46:12
 Time to end:    0:42:30
 k-eff (analog):  0.70415 +/-  0.00138                                 
 ((((*>  ><((((*>  ><((((*>  ><((((*>  ><((((*>  ><((((*>  ><((((*>  ><
 
 Cycle: 17 of 200
 Pop: 1000000 -> 994809
 Elapsed time:   0:04:00
 End time:       0:47:08
 Time to end:    0:43:08
 k-eff (analog):  0.70394 +/-  0.00131                                 
 <((((*>  ><((((*>  ><((((*>  ><((((*>  ><((((*>  ><((((*>  ><((((*>  >
 
 Cycle: 18 of 200
 Pop: 1000000 -> 996008
 Elapsed time:   0:04:19
 End time:       0:47:58
 Time to end:    0:43:39
 k-eff (analog):  0.70378 +/-  0.00125                                 
 ><((((*>  ><((((*>  ><((((*>  ><((((*>  ><((((*>  ><((((*>  ><((((*>  
 
 Cycle: 19 of 200
 Pop: 1000000 -> 997076
 Elapsed time:   0:04:37
 End time:       0:48:43
 Time to end:    0:44:05
 k-eff (analog):  0.70368 +/-  0.00119                                 
  ><((((*>  ><((((*>  ><((((*>  ><((((*>  ><((((*>  ><((((*>  ><((((*> 
 
 Cycle: 20 of 200
 Pop: 1000000 -> 995582
 Elapsed time:   0:04:56
 End time:       0:49:22
 Time to end:    0:44:26
 k-eff (analog):  0.70352 +/-  0.00114                                 
   ><((((*>  ><((((*>  ><((((*>  ><((((*>  ><((((*>  ><((((*>  ><((((*>
 
 Cycle: 21 of 200
 Pop: 1000000 -> 996960
 Elapsed time:   0:05:16
 End time:       0:50:10
 Time to end:    0:44:54
 k-eff (analog):  0.70342 +/-  0.00108                                 
 >  ><((((*>  ><((((*>  ><((((*>  ><((((*>  ><((((*>  ><((((*>  ><((((*
 
 Cycle: 22 of 200
 Pop: 1000000 -> 994186
 Elapsed time:   0:05:34
 End time:       0:50:43
 Time to end:    0:45:08
 k-eff (analog):  0.70323 +/-  0.00105                                 
 *>  ><((((*>  ><((((*>  ><((((*>  ><((((*>  ><((((*>  ><((((*>  ><((((
 
 Cycle: 23 of 200
 Pop: 1000000 -> 996371
 Elapsed time:   0:05:53
 End time:       0:51:13
 Time to end:    0:45:19
 k-eff (analog):  0.70312 +/-  0.00101                                 
 (*>  ><((((*>  ><((((*>  ><((((*>  ><((((*>  ><((((*>  ><((((*>  ><(((
 
 Cycle: 24 of 200
 Pop: 1000000 -> 995178
 Elapsed time:   0:06:12
 End time:       0:51:40
 Time to end:    0:45:28
 k-eff (analog):  0.70298 +/-  0.00098                                 
 ((*>  ><((((*>  ><((((*>  ><((((*>  ><((((*>  ><((((*>  ><((((*>  ><((
 
 Cycle: 25 of 200
 Pop: 1000000 -> 996896
 Elapsed time:   0:06:30
 End time:       0:52:05
 Time to end:    0:45:34
 k-eff (analog):  0.70289 +/-  0.00094                                 
 (((*>  ><((((*>  ><((((*>  ><((((*>  ><((((*>  ><((((*>  ><((((*>  ><(
 
 Cycle: 26 of 200
 Pop: 1000000 -> 995334
 Elapsed time:   0:06:49
 End time:       0:52:27
 Time to end:    0:45:38
 k-eff (analog):  0.70277 +/-  0.00091                                 
 ((((*>  ><((((*>  ><((((*>  ><((((*>  ><((((*>  ><((((*>  ><((((*>  ><
 
 Cycle: 27 of 200
 Pop: 1000000 -> 995345
 Elapsed time:   0:07:07
 End time:       0:52:48
 Time to end:    0:45:40
 k-eff (analog):  0.70265 +/-  0.00089                                 
 <((((*>  ><((((*>  ><((((*>  ><((((*>  ><((((*>  ><((((*>  ><((((*>  >
 
 Cycle: 28 of 200
 Pop: 1000000 -> 997453
 Elapsed time:   0:07:26
 End time:       0:53:07
 Time to end:    0:45:41
 k-eff (analog):  0.70258 +/-  0.00086                                 
 ><((((*>  ><((((*>  ><((((*>  ><((((*>  ><((((*>  ><((((*>  ><((((*>  
 
 Cycle: 29 of 200
 Pop: 1000000 -> 996988
 Elapsed time:   0:07:44
 End time:       0:53:25
 Time to end:    0:45:40
 k-eff (analog):  0.70251 +/-  0.00083                                 
  ><((((*>  ><((((*>  ><((((*>  ><((((*>  ><((((*>  ><((((*>  ><((((*> 
 
 Cycle: 30 of 200
 Pop: 1000000 -> 994869
 Elapsed time:   0:08:03
 End time:       0:53:42
 Time to end:    0:45:39
 k-eff (analog):  0.70239 +/-  0.00081                                 
   ><((((*>  ><((((*>  ><((((*>  ><((((*>  ><((((*>  ><((((*>  ><((((*>
 
 Cycle: 31 of 200
 Pop: 1000000 -> 996709
 Elapsed time:   0:08:23
 End time:       0:54:05
 Time to end:    0:45:42
 k-eff (analog):  0.70231 +/-  0.00079                                 
 >  ><((((*>  ><((((*>  ><((((*>  ><((((*>  ><((((*>  ><((((*>  ><((((*
 
 Cycle: 32 of 200
 Pop: 1000000 -> 995956
 Elapsed time:   0:08:41
 End time:       0:54:19
 Time to end:    0:45:38
 k-eff (analog):  0.70222 +/-  0.00077                                 
 *>  ><((((*>  ><((((*>  ><((((*>  ><((((*>  ><((((*>  ><((((*>  ><((((
 
 Cycle: 33 of 200
 Pop: 1000000 -> 998010
 Elapsed time:   0:09:00
 End time:       0:54:33
 Time to end:    0:45:33
 k-eff (analog):  0.70218 +/-  0.00075                                 
 (*>  ><((((*>  ><((((*>  ><((((*>  ><((((*>  ><((((*>  ><((((*>  ><(((
 
 Cycle: 34 of 200
 Pop: 1000000 -> 995553
 Elapsed time:   0:09:18
 End time:       0:54:45
 Time to end:    0:45:27
 k-eff (analog):  0.70209 +/-  0.00073                                 
 ((*>  ><((((*>  ><((((*>  ><((((*>  ><((((*>  ><((((*>  ><((((*>  ><((
 
 Cycle: 35 of 200
 Pop: 1000000 -> 994093
 Elapsed time:   0:09:37
 End time:       0:54:57
 Time to end:    0:45:20
 k-eff (analog):  0.70197 +/-  0.00072                                 
 (((*>  ><((((*>  ><((((*>  ><((((*>  ><((((*>  ><((((*>  ><((((*>  ><(
 
 Cycle: 36 of 200
 Pop: 1000000 -> 998649
 Elapsed time:   0:09:55
 End time:       0:55:08
 Time to end:    0:45:13
 k-eff (analog):  0.70195 +/-  0.00070                                 
 ((((*>  ><((((*>  ><((((*>  ><((((*>  ><((((*>  ><((((*>  ><((((*>  ><
 
 Cycle: 37 of 200
 Pop: 1000000 -> 997536
 Elapsed time:   0:10:14
 End time:       0:55:19
 Time to end:    0:45:05
 k-eff (analog):  0.70190 +/-  0.00068                                 
 <((((*>  ><((((*>  ><((((*>  ><((((*>  ><((((*>  ><((((*>  ><((((*>  >
 
 Cycle: 38 of 200
 Pop: 1000000 -> 996715
 Elapsed time:   0:10:32
 End time:       0:55:30
 Time to end:    0:44:57
 k-eff (analog):  0.70184 +/-  0.00067                                 
 ><((((*>  ><((((*>  ><((((*>  ><((((*>  ><((((*>  ><((((*>  ><((((*>  
 
 Cycle: 39 of 200
 Pop: 1000000 -> 998682
 Elapsed time:   0:10:51
 End time:       0:55:39
 Time to end:    0:44:48
 k-eff (analog):  0.70181 +/-  0.00065                                 
  ><((((*>  ><((((*>  ><((((*>  ><((((*>  ><((((*>  ><((((*>  ><((((*> 
 
 Cycle: 40 of 200
 Pop: 1000000 -> 998665
 Elapsed time:   0:11:09
 End time:       0:55:49
 Time to end:    0:44:39
 k-eff (analog):  0.70179 +/-  0.00063                                 
   ><((((*>  ><((((*>  ><((((*>  ><((((*>  ><((((*>  ><((((*>  ><((((*>
 
 Cycle: 41 of 200
 Pop: 1000000 -> 996311
 Elapsed time:   0:11:29
 End time:       0:56:03
 Time to end:    0:44:33
 k-eff (analog):  0.70173 +/-  0.00062                                 
 >  ><((((*>  ><((((*>  ><((((*>  ><((((*>  ><((((*>  ><((((*>  ><((((*
 
 Cycle: 42 of 200
 Pop: 1000000 -> 1000257
 Elapsed time:   0:11:47
 End time:       0:56:10
 Time to end:    0:44:22
 k-eff (analog):  0.70173 +/-  0.00061                                 
 *>  ><((((*>  ><((((*>  ><((((*>  ><((((*>  ><((((*>  ><((((*>  ><((((
 
 Cycle: 43 of 200
 Pop: 1000000 -> 996600
 Elapsed time:   0:12:06
 End time:       0:56:18
 Time to end:    0:44:12
 k-eff (analog):  0.70168 +/-  0.00059                                 
 (*>  ><((((*>  ><((((*>  ><((((*>  ><((((*>  ><((((*>  ><((((*>  ><(((
 
 Cycle: 44 of 200
 Pop: 1000000 -> 999365
 Elapsed time:   0:12:24
 End time:       0:56:25
 Time to end:    0:44:00
 k-eff (analog):  0.70167 +/-  0.00058                                 
 ((*>  ><((((*>  ><((((*>  ><((((*>  ><((((*>  ><((((*>  ><((((*>  ><((
 
 Cycle: 45 of 200
 Pop: 1000000 -> 996984
 Elapsed time:   0:12:43
 End time:       0:56:32
 Time to end:    0:43:49
 k-eff (analog):  0.70162 +/-  0.00057                                 
 (((*>  ><((((*>  ><((((*>  ><((((*>  ><((((*>  ><((((*>  ><((((*>  ><(
 
 Cycle: 46 of 200
 Pop: 1000000 -> 998008
 Elapsed time:   0:13:01
 End time:       0:56:39
 Time to end:    0:43:37
 k-eff (analog):  0.70159 +/-  0.00056                                 
 ((((*>  ><((((*>  ><((((*>  ><((((*>  ><((((*>  ><((((*>  ><((((*>  ><
 
 Cycle: 47 of 200
 Pop: 1000000 -> 995463
 Elapsed time:   0:13:20
 End time:       0:56:45
 Time to end:    0:43:24
 k-eff (analog):  0.70152 +/-  0.00055                                 
 <((((*>  ><((((*>  ><((((*>  ><((((*>  ><((((*>  ><((((*>  ><((((*>  >
 
 Cycle: 48 of 200
 Pop: 1000000 -> 999259
 Elapsed time:   0:13:38
 End time:       0:56:50
 Time to end:    0:43:12
 k-eff (analog):  0.70151 +/-  0.00054                                 
 ><((((*>  ><((((*>  ><((((*>  ><((((*>  ><((((*>  ><((((*>  ><((((*>  
 
 Cycle: 49 of 200
 Pop: 1000000 -> 995953
 Elapsed time:   0:13:57
 End time:       0:56:56
 Time to end:    0:42:59
 k-eff (analog):  0.70145 +/-  0.00053                                 
  ><((((*>  ><((((*>  ><((((*>  ><((((*>  ><((((*>  ><((((*>  ><((((*> 
 
 Cycle: 50 of 200
 Pop: 1000000 -> 998716
 Elapsed time:   0:14:15
 End time:       0:57:01
 Time to end:    0:42:46
 k-eff (analog):  0.70143 +/-  0.00052                                 
   ><((((*>  ><((((*>  ><((((*>  ><((((*>  ><((((*>  ><((((*>  ><((((*>
 
 Cycle: 51 of 200
 Pop: 1000000 -> 998036
 Elapsed time:   0:14:35
 End time:       0:57:11
 Time to end:    0:42:36
 k-eff (analog):  0.70141 +/-  0.00051                                 
 >  ><((((*>  ><((((*>  ><((((*>  ><((((*>  ><((((*>  ><((((*>  ><((((*
 
 Cycle: 52 of 200
 Pop: 1000000 -> 996474
 Elapsed time:   0:14:53
 End time:       0:57:16
 Time to end:    0:42:23
 k-eff (analog):  0.70136 +/-  0.00050                                 
 *>  ><((((*>  ><((((*>  ><((((*>  ><((((*>  ><((((*>  ><((((*>  ><((((
 
 Cycle: 53 of 200
 Pop: 1000000 -> 1001175
 Elapsed time:   0:15:11
 End time:       0:57:20
 Time to end:    0:42:09
 k-eff (analog):  0.70138 +/-  0.00049                                 
 (*>  ><((((*>  ><((((*>  ><((((*>  ><((((*>  ><((((*>  ><((((*>  ><(((
 
 Cycle: 54 of 200
 Pop: 1000000 -> 996834
 Elapsed time:   0:15:30
 End time:       0:57:25
 Time to end:    0:41:55
 k-eff (analog):  0.70133 +/-  0.00049                                 
 ((*>  ><((((*>  ><((((*>  ><((((*>  ><((((*>  ><((((*>  ><((((*>  ><((
 
 Cycle: 55 of 200
 Pop: 1000000 -> 997142
 Elapsed time:   0:15:48
 End time:       0:57:30
 Time to end:    0:41:41
 k-eff (analog):  0.70130 +/-  0.00048                                 
 (((*>  ><((((*>  ><((((*>  ><((((*>  ><((((*>  ><((((*>  ><((((*>  ><(
 
 Cycle: 56 of 200
 Pop: 1000000 -> 999403
 Elapsed time:   0:16:07
 End time:       0:57:34
 Time to end:    0:41:27
 k-eff (analog):  0.70129 +/-  0.00047                                 
 ((((*>  ><((((*>  ><((((*>  ><((((*>  ><((((*>  ><((((*>  ><((((*>  ><
 
 Cycle: 57 of 200
 Pop: 1000000 -> 998868
 Elapsed time:   0:16:25
 End time:       0:57:38
 Time to end:    0:41:12
 k-eff (analog):  0.70128 +/-  0.00046                                 
 <((((*>  ><((((*>  ><((((*>  ><((((*>  ><((((*>  ><((((*>  ><((((*>  >
 
 Cycle: 58 of 200
 Pop: 1000000 -> 998810
 Elapsed time:   0:16:44
 End time:       0:57:42
 Time to end:    0:40:58
 k-eff (analog):  0.70126 +/-  0.00045                                 
 ><((((*>  ><((((*>  ><((((*>  ><((((*>  ><((((*>  ><((((*>  ><((((*>  
 
 Cycle: 59 of 200
 Pop: 1000000 -> 997986
 Elapsed time:   0:17:02
 End time:       0:57:45
 Time to end:    0:40:43
 k-eff (analog):  0.70124 +/-  0.00045                                 
  ><((((*>  ><((((*>  ><((((*>  ><((((*>  ><((((*>  ><((((*>  ><((((*> 
 
 Cycle: 60 of 200
 Pop: 1000000 -> 996311
 Elapsed time:   0:17:20
 End time:       0:57:49
 Time to end:    0:40:28
 k-eff (analog):  0.70120 +/-  0.00044                                 
   ><((((*>  ><((((*>  ><((((*>  ><((((*>  ><((((*>  ><((((*>  ><((((*>
 
 Cycle: 61 of 200
 Pop: 1000000 -> 1001004
 Elapsed time:   0:17:40
 End time:       0:57:56
 Time to end:    0:40:15
 k-eff (analog):  0.70121 +/-  0.00043                                 
 >  ><((((*>  ><((((*>  ><((((*>  ><((((*>  ><((((*>  ><((((*>  ><((((*
 
 Cycle: 62 of 200
 Pop: 1000000 -> 999168
 Elapsed time:   0:17:58
 End time:       0:57:59
 Time to end:    0:40:00
 k-eff (analog):  0.70120 +/-  0.00043                                 
 *>  ><((((*>  ><((((*>  ><((((*>  ><((((*>  ><((((*>  ><((((*>  ><((((
 
 Cycle: 63 of 200
 Pop: 1000000 -> 998494
 Elapsed time:   0:18:17
 End time:       0:58:02
 Time to end:    0:39:45
 k-eff (analog):  0.70118 +/-  0.00042                                 
 (*>  ><((((*>  ><((((*>  ><((((*>  ><((((*>  ><((((*>  ><((((*>  ><(((
 
 Cycle: 64 of 200
 Pop: 1000000 -> 998641
 Elapsed time:   0:18:35
 End time:       0:58:05
 Time to end:    0:39:30
 k-eff (analog):  0.70117 +/-  0.00041                                 
 ((*>  ><((((*>  ><((((*>  ><((((*>  ><((((*>  ><((((*>  ><((((*>  ><((
 
 Cycle: 65 of 200
 Pop: 1000000 -> 998495
 Elapsed time:   0:18:53
 End time:       0:58:08
 Time to end:    0:39:14
 k-eff (analog):  0.70115 +/-  0.00041                                 
 (((*>  ><((((*>  ><((((*>  ><((((*>  ><((((*>  ><((((*>  ><((((*>  ><(
 
 Cycle: 66 of 200
 Pop: 1000000 -> 997386
 Elapsed time:   0:19:12
 End time:       0:58:11
 Time to end:    0:38:59
 k-eff (analog):  0.70112 +/-  0.00040                                 
 ((((*>  ><((((*>  ><((((*>  ><((((*>  ><((((*>  ><((((*>  ><((((*>  ><
 
 Cycle: 67 of 200
 Pop: 1000000 -> 999871
 Elapsed time:   0:19:30
 End time:       0:58:14
 Time to end:    0:38:43
 k-eff (analog):  0.70112 +/-  0.00040                                 
 <((((*>  ><((((*>  ><((((*>  ><((((*>  ><((((*>  ><((((*>  ><((((*>  >
 
 Cycle: 68 of 200
 Pop: 1000000 -> 997849
 Elapsed time:   0:19:49
 End time:       0:58:17
 Time to end:    0:38:28
 k-eff (analog):  0.70110 +/-  0.00039                                 
 ><((((*>  ><((((*>  ><((((*>  ><((((*>  ><((((*>  ><((((*>  ><((((*>  
 
 Cycle: 69 of 200
 Pop: 1000000 -> 1000499
 Elapsed time:   0:20:07
 End time:       0:58:19
 Time to end:    0:38:12
 k-eff (analog):  0.70110 +/-  0.00039                                 
  ><((((*>  ><((((*>  ><((((*>  ><((((*>  ><((((*>  ><((((*>  ><((((*> 
 
 Cycle: 70 of 200
 Pop: 1000000 -> 996706
 Elapsed time:   0:20:25
 End time:       0:58:22
 Time to end:    0:37:56
 k-eff (analog):  0.70107 +/-  0.00038                                 
   ><((((*>  ><((((*>  ><((((*>  ><((((*>  ><((((*>  ><((((*>  ><((((*>
 
 Cycle: 71 of 200
 Pop: 1000000 -> 998322
 Elapsed time:   0:20:45
 End time:       0:58:27
 Time to end:    0:37:42
 k-eff (analog):  0.70105 +/-  0.00038                                 
 >  ><((((*>  ><((((*>  ><((((*>  ><((((*>  ><((((*>  ><((((*>  ><((((*
 
 Cycle: 72 of 200
 Pop: 1000000 -> 999305
 Elapsed time:   0:21:03
 End time:       0:58:30
 Time to end:    0:37:26
 k-eff (analog):  0.70105 +/-  0.00037                                 
 *>  ><((((*>  ><((((*>  ><((((*>  ><((((*>  ><((((*>  ><((((*>  ><((((
 
 Cycle: 73 of 200
 Pop: 1000000 -> 997573
 Elapsed time:   0:21:22
 End time:       0:58:32
 Time to end:    0:37:10
 k-eff (analog):  0.70102 +/-  0.00037                                 
 (*>  ><((((*>  ><((((*>  ><((((*>  ><((((*>  ><((((*>  ><((((*>  ><(((
 
 Cycle: 74 of 200
 Pop: 1000000 -> 998226
 Elapsed time:   0:21:40
 End time:       0:58:34
 Time to end:    0:36:54
 k-eff (analog):  0.70101 +/-  0.00036                                 
 ((*>  ><((((*>  ><((((*>  ><((((*>  ><((((*>  ><((((*>  ><((((*>  ><((
 
 Cycle: 75 of 200
 Pop: 1000000 -> 998068
 Elapsed time:   0:21:58
 End time:       0:58:36
 Time to end:    0:36:37
 k-eff (analog):  0.70099 +/-  0.00036                                 
 (((*>  ><((((*>  ><((((*>  ><((((*>  ><((((*>  ><((((*>  ><((((*>  ><(
 
 Cycle: 76 of 200
 Pop: 1000000 -> 999546
 Elapsed time:   0:22:17
 End time:       0:58:38
 Time to end:    0:36:21
 k-eff (analog):  0.70098 +/-  0.00035                                 
 ((((*>  ><((((*>  ><((((*>  ><((((*>  ><((((*>  ><((((*>  ><((((*>  ><
 
 Cycle: 77 of 200
 Pop: 1000000 -> 996460
 Elapsed time:   0:22:35
 End time:       0:58:40
 Time to end:    0:36:05
 k-eff (analog):  0.70095 +/-  0.00035                                 
 <((((*>  ><((((*>  ><((((*>  ><((((*>  ><((((*>  ><((((*>  ><((((*>  >
 
 Cycle: 78 of 200
 Pop: 1000000 -> 996701
 Elapsed time:   0:22:53
 End time:       0:58:42
 Time to end:    0:35:48
 k-eff (analog):  0.70092 +/-  0.00035                                 
 ><((((*>  ><((((*>  ><((((*>  ><((((*>  ><((((*>  ><((((*>  ><((((*>  
 
 Cycle: 79 of 200
 Pop: 1000000 -> 998115
 Elapsed time:   0:23:12
 End time:       0:58:44
 Time to end:    0:35:32
 k-eff (analog):  0.70091 +/-  0.00034                                 
  ><((((*>  ><((((*>  ><((((*>  ><((((*>  ><((((*>  ><((((*>  ><((((*> 
 
 Cycle: 80 of 200
 Pop: 1000000 -> 998815
 Elapsed time:   0:23:30
 End time:       0:58:46
 Time to end:    0:35:15
 k-eff (analog):  0.70090 +/-  0.00034                                 
   ><((((*>  ><((((*>  ><((((*>  ><((((*>  ><((((*>  ><((((*>  ><((((*>
 
 Cycle: 81 of 200
 Pop: 1000000 -> 1000994
 Elapsed time:   0:23:50
 End time:       0:58:50
 Time to end:    0:35:00
 k-eff (analog):  0.70090 +/-  0.00033                                 
 >  ><((((*>  ><((((*>  ><((((*>  ><((((*>  ><((((*>  ><((((*>  ><((((*
 
 Cycle: 82 of 200
 Pop: 1000000 -> 999248
 Elapsed time:   0:24:08
 End time:       0:58:52
 Time to end:    0:34:44
 k-eff (analog):  0.70090 +/-  0.00033                                 
 *>  ><((((*>  ><((((*>  ><((((*>  ><((((*>  ><((((*>  ><((((*>  ><((((
 
 Cycle: 83 of 200
 Pop: 1000000 -> 1001079
 Elapsed time:   0:24:26
 End time:       0:58:54
 Time to end:    0:34:27
 k-eff (analog):  0.70091 +/-  0.00033                                 
 (*>  ><((((*>  ><((((*>  ><((((*>  ><((((*>  ><((((*>  ><((((*>  ><(((
 
 Cycle: 84 of 200
 Pop: 1000000 -> 995504
 Elapsed time:   0:24:45
 End time:       0:58:56
 Time to end:    0:34:10
 k-eff (analog):  0.70087 +/-  0.00033                                 
 ((*>  ><((((*>  ><((((*>  ><((((*>  ><((((*>  ><((((*>  ><((((*>  ><((
 
 Cycle: 85 of 200
 Pop: 1000000 -> 997897
 Elapsed time:   0:25:03
 End time:       0:58:57
 Time to end:    0:33:54
 k-eff (analog):  0.70085 +/-  0.00032                                 
 (((*>  ><((((*>  ><((((*>  ><((((*>  ><((((*>  ><((((*>  ><((((*>  ><(
 
 Cycle: 86 of 200
 Pop: 1000000 -> 999515
 Elapsed time:   0:25:21
 End time:       0:58:59
 Time to end:    0:33:37
 k-eff (analog):  0.70085 +/-  0.00032                                 
 ((((*>  ><((((*>  ><((((*>  ><((((*>  ><((((*>  ><((((*>  ><((((*>  ><
 
 Cycle: 87 of 200
 Pop: 1000000 -> 996671
 Elapsed time:   0:25:40
 End time:       0:59:00
 Time to end:    0:33:20
 k-eff (analog):  0.70082 +/-  0.00032                                 
 <((((*>  ><((((*>  ><((((*>  ><((((*>  ><((((*>  ><((((*>  ><((((*>  >
 
 Cycle: 88 of 200
 Pop: 1000000 -> 998819
 Elapsed time:   0:25:58
 End time:       0:59:02
 Time to end:    0:33:03
 k-eff (analog):  0.70081 +/-  0.00031                                 
 ><((((*>  ><((((*>  ><((((*>  ><((((*>  ><((((*>  ><((((*>  ><((((*>  
 
 Cycle: 89 of 200
 Pop: 1000000 -> 999684
 Elapsed time:   0:26:16
 End time:       0:59:03
 Time to end:    0:32:46
 k-eff (analog):  0.70081 +/-  0.00031                                 
  ><((((*>  ><((((*>  ><((((*>  ><((((*>  ><((((*>  ><((((*>  ><((((*> 
 
 Cycle: 90 of 200
 Pop: 1000000 -> 999053
 Elapsed time:   0:26:35
 End time:       0:59:04
 Time to end:    0:32:29
 k-eff (analog):  0.70080 +/-  0.00031                                 
   ><((((*>  ><((((*>  ><((((*>  ><((((*>  ><((((*>  ><((((*>  ><((((*>
 
 Cycle: 91 of 200
 Pop: 1000000 -> 996174
 Elapsed time:   0:26:54
 End time:       0:59:08
 Time to end:    0:32:14
 k-eff (analog):  0.70077 +/-  0.00030                                 
 >  ><((((*>  ><((((*>  ><((((*>  ><((((*>  ><((((*>  ><((((*>  ><((((*
 
 Cycle: 92 of 200
 Pop: 1000000 -> 998962
 Elapsed time:   0:27:13
 End time:       0:59:10
 Time to end:    0:31:57
 k-eff (analog):  0.70076 +/-  0.00030                                 
 *>  ><((((*>  ><((((*>  ><((((*>  ><((((*>  ><((((*>  ><((((*>  ><((((
 
 Cycle: 93 of 200
 Pop: 1000000 -> 999493
 Elapsed time:   0:27:31
 End time:       0:59:11
 Time to end:    0:31:39
 k-eff (analog):  0.70076 +/-  0.00030                                 
 (*>  ><((((*>  ><((((*>  ><((((*>  ><((((*>  ><((((*>  ><((((*>  ><(((
 
 Cycle: 94 of 200
 Pop: 1000000 -> 1000601
 Elapsed time:   0:27:49
 End time:       0:59:12
 Time to end:    0:31:22
 k-eff (analog):  0.70077 +/-  0.00029                                 
 ((*>  ><((((*>  ><((((*>  ><((((*>  ><((((*>  ><((((*>  ><((((*>  ><((
 
 Cycle: 95 of 200
 Pop: 1000000 -> 998692
 Elapsed time:   0:28:07
 End time:       0:59:13
 Time to end:    0:31:05
 k-eff (analog):  0.70076 +/-  0.00029                                 
 (((*>  ><((((*>  ><((((*>  ><((((*>  ><((((*>  ><((((*>  ><((((*>  ><(
 
 Cycle: 96 of 200
 Pop: 1000000 -> 996242
 Elapsed time:   0:28:26
 End time:       0:59:14
 Time to end:    0:30:48
 k-eff (analog):  0.70073 +/-  0.00029                                 
 ((((*>  ><((((*>  ><((((*>  ><((((*>  ><((((*>  ><((((*>  ><((((*>  ><
 
 Cycle: 97 of 200
 Pop: 1000000 -> 1001375
 Elapsed time:   0:28:44
 End time:       0:59:15
 Time to end:    0:30:31
 k-eff (analog):  0.70074 +/-  0.00029                                 
 <((((*>  ><((((*>  ><((((*>  ><((((*>  ><((((*>  ><((((*>  ><((((*>  >
 
 Cycle: 98 of 200
 Pop: 1000000 -> 1001821
 Elapsed time:   0:29:02
 End time:       0:59:16
 Time to end:    0:30:13
 k-eff (analog):  0.70075 +/-  0.00028                                 
 ><((((*>  ><((((*>  ><((((*>  ><((((*>  ><((((*>  ><((((*>  ><((((*>  
 
 Cycle: 99 of 200
 Pop: 1000000 -> 997590
 Elapsed time:   0:29:21
 End time:       0:59:18
 Time to end:    0:29:56
 k-eff (analog):  0.70073 +/-  0.00028                                 
  ><((((*>  ><((((*>  ><((((*>  ><((((*>  ><((((*>  ><((((*>  ><((((*> 
 
 Cycle: 100 of 200
 Pop: 1000000 -> 999911
 Elapsed time:   0:29:39
 End time:       0:59:19
 Time to end:    0:29:39
 k-eff (analog):  0.70073 +/-  0.00028                                 
   ><((((*>  ><((((*>  ><((((*>  ><((((*>  ><((((*>  ><((((*>  ><((((*>
 
 Cycle: 101 of 200
 Pop: 1000000 -> 998649
 Elapsed time:   0:29:59
 End time:       0:59:22
 Time to end:    0:29:23
 k-eff (analog):  0.70072 +/-  0.00028                                 
 >  ><((((*>  ><((((*>  ><((((*>  ><((((*>  ><((((*>  ><((((*>  ><((((*
 
 Cycle: 102 of 200
 Pop: 1000000 -> 997953
 Elapsed time:   0:30:17
 End time:       0:59:23
 Time to end:    0:29:06
 k-eff (analog):  0.70071 +/-  0.00027                                 
 *>  ><((((*>  ><((((*>  ><((((*>  ><((((*>  ><((((*>  ><((((*>  ><((((
 
 Cycle: 103 of 200
 Pop: 1000000 -> 1000099
 Elapsed time:   0:30:35
 End time:       0:59:24
 Time to end:    0:28:48
 k-eff (analog):  0.70071 +/-  0.00027                                 
 (*>  ><((((*>  ><((((*>  ><((((*>  ><((((*>  ><((((*>  ><((((*>  ><(((
 
 Cycle: 104 of 200
 Pop: 1000000 -> 998974
 Elapsed time:   0:30:54
 End time:       0:59:25
 Time to end:    0:28:31
 k-eff (analog):  0.70070 +/-  0.00027                                 
 ((*>  ><((((*>  ><((((*>  ><((((*>  ><((((*>  ><((((*>  ><((((*>  ><((
 
 Cycle: 105 of 200
 Pop: 1000000 -> 998590
 Elapsed time:   0:31:12
 End time:       0:59:26
 Time to end:    0:28:14
 k-eff (analog):  0.70069 +/-  0.00027                                 
 (((*>  ><((((*>  ><((((*>  ><((((*>  ><((((*>  ><((((*>  ><((((*>  ><(
 
 Cycle: 106 of 200
 Pop: 1000000 -> 999013
 Elapsed time:   0:31:30
 End time:       0:59:27
 Time to end:    0:27:56
 k-eff (analog):  0.70069 +/-  0.00026                                 
 ((((*>  ><((((*>  ><((((*>  ><((((*>  ><((((*>  ><((((*>  ><((((*>  ><
 
 Cycle: 107 of 200
 Pop: 1000000 -> 1001194
 Elapsed time:   0:31:48
 End time:       0:59:27
 Time to end:    0:27:39
 k-eff (analog):  0.70070 +/-  0.00026                                 
 <((((*>  ><((((*>  ><((((*>  ><((((*>  ><((((*>  ><((((*>  ><((((*>  >
 
 Cycle: 108 of 200
 Pop: 1000000 -> 997396
 Elapsed time:   0:32:07
 End time:       0:59:28
 Time to end:    0:27:21
 k-eff (analog):  0.70068 +/-  0.00026                                 
 ><((((*>  ><((((*>  ><((((*>  ><((((*>  ><((((*>  ><((((*>  ><((((*>  
 
 Cycle: 109 of 200
 Pop: 1000000 -> 998799
 Elapsed time:   0:32:25
 End time:       0:59:29
 Time to end:    0:27:04
 k-eff (analog):  0.70067 +/-  0.00026                                 
  ><((((*>  ><((((*>  ><((((*>  ><((((*>  ><((((*>  ><((((*>  ><((((*> 
 
 Cycle: 110 of 200
 Pop: 1000000 -> 999871
 Elapsed time:   0:32:43
 End time:       0:59:30
 Time to end:    0:26:46
 k-eff (analog):  0.70067 +/-  0.00025                                 
   ><((((*>  ><((((*>  ><((((*>  ><((((*>  ><((((*>  ><((((*>  ><((((*>
 
 Cycle: 111 of 200
 Pop: 1000000 -> 1000813
 Elapsed time:   0:33:03
 End time:       0:59:33
 Time to end:    0:26:30
 k-eff (analog):  0.70068 +/-  0.00025                                 
 >  ><((((*>  ><((((*>  ><((((*>  ><((((*>  ><((((*>  ><((((*>  ><((((*
 
 Cycle: 112 of 200
 Pop: 1000000 -> 1001017
 Elapsed time:   0:33:21
 End time:       0:59:34
 Time to end:    0:26:12
 k-eff (analog):  0.70068 +/-  0.00025                                 
 *>  ><((((*>  ><((((*>  ><((((*>  ><((((*>  ><((((*>  ><((((*>  ><((((
 
 Cycle: 113 of 200
 Pop: 1000000 -> 999716
 Elapsed time:   0:33:39
 End time:       0:59:35
 Time to end:    0:25:55
 k-eff (analog):  0.70068 +/-  0.00025                                 
 (*>  ><((((*>  ><((((*>  ><((((*>  ><((((*>  ><((((*>  ><((((*>  ><(((
 
 Cycle: 114 of 200
 Pop: 1000000 -> 996830
 Elapsed time:   0:33:58
 End time:       0:59:36
 Time to end:    0:25:37
 k-eff (analog):  0.70066 +/-  0.00025                                 
 ((*>  ><((((*>  ><((((*>  ><((((*>  ><((((*>  ><((((*>  ><((((*>  ><((
 
 Cycle: 115 of 200
 Pop: 1000000 -> 1000108
 Elapsed time:   0:34:16
 End time:       0:59:36
 Time to end:    0:25:20
 k-eff (analog):  0.70066 +/-  0.00024                                 
 (((*>  ><((((*>  ><((((*>  ><((((*>  ><((((*>  ><((((*>  ><((((*>  ><(
 
 Cycle: 116 of 200
 Pop: 1000000 -> 994749
 Elapsed time:   0:34:34
 End time:       0:59:37
 Time to end:    0:25:02
 k-eff (analog):  0.70063 +/-  0.00024                                 
 ((((*>  ><((((*>  ><((((*>  ><((((*>  ><((((*>  ><((((*>  ><((((*>  ><
 
 Cycle: 117 of 200
 Pop: 1000000 -> 997480
 Elapsed time:   0:34:53
 End time:       0:59:38
 Time to end:    0:24:44
 k-eff (analog):  0.70061 +/-  0.00024                                 
 <((((*>  ><((((*>  ><((((*>  ><((((*>  ><((((*>  ><((((*>  ><((((*>  >
 
 Cycle: 118 of 200
 Pop: 1000000 -> 999663
 Elapsed time:   0:35:11
 End time:       0:59:38
 Time to end:    0:24:27
 k-eff (analog):  0.70061 +/-  0.00024                                 
 ><((((*>  ><((((*>  ><((((*>  ><((((*>  ><((((*>  ><((((*>  ><((((*>  
 
 Cycle: 119 of 200
 Pop: 1000000 -> 1000271
 Elapsed time:   0:35:29
 End time:       0:59:39
 Time to end:    0:24:09
 k-eff (analog):  0.70061 +/-  0.00024                                 
  ><((((*>  ><((((*>  ><((((*>  ><((((*>  ><((((*>  ><((((*>  ><((((*> 
 
 Cycle: 120 of 200
 Pop: 1000000 -> 998795
 Elapsed time:   0:35:47
 End time:       0:59:39
 Time to end:    0:23:51
 k-eff (analog):  0.70061 +/-  0.00024                                 
   ><((((*>  ><((((*>  ><((((*>  ><((((*>  ><((((*>  ><((((*>  ><((((*>
 
 Cycle: 121 of 200
 Pop: 1000000 -> 998275
 Elapsed time:   0:36:07
 End time:       0:59:42
 Time to end:    0:23:35
 k-eff (analog):  0.70060 +/-  0.00023                                 
 >  ><((((*>  ><((((*>  ><((((*>  ><((((*>  ><((((*>  ><((((*>  ><((((*
 
 Cycle: 122 of 200
 Pop: 1000000 -> 999012
 Elapsed time:   0:36:25
 End time:       0:59:43
 Time to end:    0:23:17
 k-eff (analog):  0.70059 +/-  0.00023                                 
 *>  ><((((*>  ><((((*>  ><((((*>  ><((((*>  ><((((*>  ><((((*>  ><((((
 
 Cycle: 123 of 200
 Pop: 1000000 -> 999853
 Elapsed time:   0:36:44
 End time:       0:59:43
 Time to end:    0:22:59
 k-eff (analog):  0.70059 +/-  0.00023                                 
 (*>  ><((((*>  ><((((*>  ><((((*>  ><((((*>  ><((((*>  ><((((*>  ><(((
 
 Cycle: 124 of 200
 Pop: 1000000 -> 999466
 Elapsed time:   0:37:02
 End time:       0:59:44
 Time to end:    0:22:42
 k-eff (analog):  0.70059 +/-  0.00023                                 
 ((*>  ><((((*>  ><((((*>  ><((((*>  ><((((*>  ><((((*>  ><((((*>  ><((
 
 Cycle: 125 of 200
 Pop: 1000000 -> 999061
 Elapsed time:   0:37:20
 End time:       0:59:45
 Time to end:    0:22:24
 k-eff (analog):  0.70058 +/-  0.00023                                 
 (((*>  ><((((*>  ><((((*>  ><((((*>  ><((((*>  ><((((*>  ><((((*>  ><(
 
 Cycle: 126 of 200
 Pop: 1000000 -> 1000688
 Elapsed time:   0:37:38
 End time:       0:59:45
 Time to end:    0:22:06
 k-eff (analog):  0.70059 +/-  0.00023                                 
 ((((*>  ><((((*>  ><((((*>  ><((((*>  ><((((*>  ><((((*>  ><((((*>  ><
 
 Cycle: 127 of 200
 Pop: 1000000 -> 997868
 Elapsed time:   0:37:57
 End time:       0:59:46
 Time to end:    0:21:48
 k-eff (analog):  0.70057 +/-  0.00022                                 
 <((((*>  ><((((*>  ><((((*>  ><((((*>  ><((((*>  ><((((*>  ><((((*>  >
 
 Cycle: 128 of 200
 Pop: 1000000 -> 1000046
 Elapsed time:   0:38:15
 End time:       0:59:46
 Time to end:    0:21:31
 k-eff (analog):  0.70057 +/-  0.00022                                 
 ><((((*>  ><((((*>  ><((((*>  ><((((*>  ><((((*>  ><((((*>  ><((((*>  
 
 Cycle: 129 of 200
 Pop: 1000000 -> 1002016
 Elapsed time:   0:38:33
 End time:       0:59:47
 Time to end:    0:21:13
 k-eff (analog):  0.70059 +/-  0.00022                                 
  ><((((*>  ><((((*>  ><((((*>  ><((((*>  ><((((*>  ><((((*>  ><((((*> 
 
 Cycle: 130 of 200
 Pop: 1000000 -> 999230
 Elapsed time:   0:38:52
 End time:       0:59:47
 Time to end:    0:20:55
 k-eff (analog):  0.70058 +/-  0.00022                                 
   ><((((*>  ><((((*>  ><((((*>  ><((((*>  ><((((*>  ><((((*>  ><((((*>
 
 Cycle: 131 of 200
 Pop: 1000000 -> 999346
 Elapsed time:   0:39:11
 End time:       0:59:50
 Time to end:    0:20:38
 k-eff (analog):  0.70058 +/-  0.00022                                 
 >  ><((((*>  ><((((*>  ><((((*>  ><((((*>  ><((((*>  ><((((*>  ><((((*
 
 Cycle: 132 of 200
 Pop: 1000000 -> 999395
 Elapsed time:   0:39:29
 End time:       0:59:50
 Time to end:    0:20:20
 k-eff (analog):  0.70057 +/-  0.00022                                 
 *>  ><((((*>  ><((((*>  ><((((*>  ><((((*>  ><((((*>  ><((((*>  ><((((
 
 Cycle: 133 of 200
 Pop: 1000000 -> 999144
 Elapsed time:   0:39:48
 End time:       0:59:51
 Time to end:    0:20:02
 k-eff (analog):  0.70057 +/-  0.00021                                 
 (*>  ><((((*>  ><((((*>  ><((((*>  ><((((*>  ><((((*>  ><((((*>  ><(((
 
 Cycle: 134 of 200
 Pop: 1000000 -> 997795
 Elapsed time:   0:40:06
 End time:       0:59:51
 Time to end:    0:19:45
 k-eff (analog):  0.70056 +/-  0.00021                                 
 ((*>  ><((((*>  ><((((*>  ><((((*>  ><((((*>  ><((((*>  ><((((*>  ><((
 
 Cycle: 135 of 200
 Pop: 1000000 -> 1000372
 Elapsed time:   0:40:24
 End time:       0:59:51
 Time to end:    0:19:27
 k-eff (analog):  0.70056 +/-  0.00021                                 
 (((*>  ><((((*>  ><((((*>  ><((((*>  ><((((*>  ><((((*>  ><((((*>  ><(
 
 Cycle: 136 of 200
 Pop: 1000000 -> 999625
 Elapsed time:   0:40:42
 End time:       0:59:52
 Time to end:    0:19:09
 k-eff (analog):  0.70056 +/-  0.00021                                 
 ((((*>  ><((((*>  ><((((*>  ><((((*>  ><((((*>  ><((((*>  ><((((*>  ><
 
 Cycle: 137 of 200
 Pop: 1000000 -> 998325
 Elapsed time:   0:41:01
 End time:       0:59:53
 Time to end:    0:18:51
 k-eff (analog):  0.70055 +/-  0.00021                                 
 <((((*>  ><((((*>  ><((((*>  ><((((*>  ><((((*>  ><((((*>  ><((((*>  >
 
 Cycle: 138 of 200
 Pop: 1000000 -> 997594
 Elapsed time:   0:41:19
 End time:       0:59:53
 Time to end:    0:18:34
 k-eff (analog):  0.70054 +/-  0.00021                                 
 ><((((*>  ><((((*>  ><((((*>  ><((((*>  ><((((*>  ><((((*>  ><((((*>  
 
 Cycle: 139 of 200
 Pop: 1000000 -> 1000756
 Elapsed time:   0:41:37
 End time:       0:59:53
 Time to end:    0:18:16
 k-eff (analog):  0.70054 +/-  0.00021                                 
  ><((((*>  ><((((*>  ><((((*>  ><((((*>  ><((((*>  ><((((*>  ><((((*> 
 
 Cycle: 140 of 200
 Pop: 1000000 -> 1000762
 Elapsed time:   0:41:56
 End time:       0:59:54
 Time to end:    0:17:58
 k-eff (analog):  0.70055 +/-  0.00020                                 
   ><((((*>  ><((((*>  ><((((*>  ><((((*>  ><((((*>  ><((((*>  ><((((*>
 
 Cycle: 141 of 200
 Pop: 1000000 -> 1001164
 Elapsed time:   0:42:15
 End time:       0:59:56
 Time to end:    0:17:40
 k-eff (analog):  0.70055 +/-  0.00020                                 
 >  ><((((*>  ><((((*>  ><((((*>  ><((((*>  ><((((*>  ><((((*>  ><((((*
 
 Cycle: 142 of 200
 Pop: 1000000 -> 998264
 Elapsed time:   0:42:33
 End time:       0:59:56
 Time to end:    0:17:23
 k-eff (analog):  0.70054 +/-  0.00020                                 
 *>  ><((((*>  ><((((*>  ><((((*>  ><((((*>  ><((((*>  ><((((*>  ><((((
 
 Cycle: 143 of 200
 Pop: 1000000 -> 1000602
 Elapsed time:   0:42:51
 End time:       0:59:57
 Time to end:    0:17:05
 k-eff (analog):  0.70055 +/-  0.00020                                 
 (*>  ><((((*>  ><((((*>  ><((((*>  ><((((*>  ><((((*>  ><((((*>  ><(((
 
 Cycle: 144 of 200
 Pop: 1000000 -> 995604
 Elapsed time:   0:43:10
 End time:       0:59:57
 Time to end:    0:16:47
 k-eff (analog):  0.70052 +/-  0.00020                                 
 ((*>  ><((((*>  ><((((*>  ><((((*>  ><((((*>  ><((((*>  ><((((*>  ><((
 
 Cycle: 145 of 200
 Pop: 1000000 -> 1000411
 Elapsed time:   0:43:28
 End time:       0:59:57
 Time to end:    0:16:29
 k-eff (analog):  0.70053 +/-  0.00020                                 
 (((*>  ><((((*>  ><((((*>  ><((((*>  ><((((*>  ><((((*>  ><((((*>  ><(
 
 Cycle: 146 of 200
 Pop: 1000000 -> 999008
 Elapsed time:   0:43:46
 End time:       0:59:58
 Time to end:    0:16:11
 k-eff (analog):  0.70052 +/-  0.00020                                 
 ((((*>  ><((((*>  ><((((*>  ><((((*>  ><((((*>  ><((((*>  ><((((*>  ><
 
 Cycle: 147 of 200
 Pop: 1000000 -> 999535
 Elapsed time:   0:44:05
 End time:       0:59:58
 Time to end:    0:15:53
 k-eff (analog):  0.70052 +/-  0.00020                                 
 <((((*>  ><((((*>  ><((((*>  ><((((*>  ><((((*>  ><((((*>  ><((((*>  >
 
 Cycle: 148 of 200
 Pop: 1000000 -> 999139
 Elapsed time:   0:44:23
 End time:       0:59:59
 Time to end:    0:15:35
 k-eff (analog):  0.70052 +/-  0.00020                                 
 ><((((*>  ><((((*>  ><((((*>  ><((((*>  ><((((*>  ><((((*>  ><((((*>  
 
 Cycle: 149 of 200
 Pop: 1000000 -> 996644
 Elapsed time:   0:44:41
 End time:       0:59:59
 Time to end:    0:15:17
 k-eff (analog):  0.70050 +/-  0.00019                                 
  ><((((*>  ><((((*>  ><((((*>  ><((((*>  ><((((*>  ><((((*>  ><((((*> 
 
 Cycle: 150 of 200
 Pop: 1000000 -> 998795
 Elapsed time:   0:44:59
 End time:       0:59:59
 Time to end:    0:14:59
 k-eff (analog):  0.70049 +/-  0.00019                                 
   ><((((*>  ><((((*>  ><((((*>  ><((((*>  ><((((*>  ><((((*>  ><((((*>
 
 Cycle: 151 of 200
 Pop: 1000000 -> 998207
 Elapsed time:   0:45:19
 End time:       1:00:01
 Time to end:    0:14:42
 k-eff (analog):  0.70049 +/-  0.00019                                 
 >  ><((((*>  ><((((*>  ><((((*>  ><((((*>  ><((((*>  ><((((*>  ><((((*
 
 Cycle: 152 of 200
 Pop: 1000000 -> 999165
 Elapsed time:   0:45:37
 End time:       1:00:01
 Time to end:    0:14:24
 k-eff (analog):  0.70048 +/-  0.00019                                 
 *>  ><((((*>  ><((((*>  ><((((*>  ><((((*>  ><((((*>  ><((((*>  ><((((
 
 Cycle: 153 of 200
 Pop: 1000000 -> 1000447
 Elapsed time:   0:45:55
 End time:       1:00:02
 Time to end:    0:14:06
 k-eff (analog):  0.70048 +/-  0.00019                                 
 (*>  ><((((*>  ><((((*>  ><((((*>  ><((((*>  ><((((*>  ><((((*>  ><(((
 
 Cycle: 154 of 200
 Pop: 1000000 -> 996979
 Elapsed time:   0:46:13
 End time:       1:00:02
 Time to end:    0:13:48
 k-eff (analog):  0.70047 +/-  0.00019                                 
 ((*>  ><((((*>  ><((((*>  ><((((*>  ><((((*>  ><((((*>  ><((((*>  ><((
 
 Cycle: 155 of 200
 Pop: 1000000 -> 1000032
 Elapsed time:   0:46:32
 End time:       1:00:02
 Time to end:    0:13:30
 k-eff (analog):  0.70047 +/-  0.00019                                 
 (((*>  ><((((*>  ><((((*>  ><((((*>  ><((((*>  ><((((*>  ><((((*>  ><(
 
 Cycle: 156 of 200
 Pop: 1000000 -> 999262
 Elapsed time:   0:46:50
 End time:       1:00:03
 Time to end:    0:13:12
 k-eff (analog):  0.70047 +/-  0.00019                                 
 ((((*>  ><((((*>  ><((((*>  ><((((*>  ><((((*>  ><((((*>  ><((((*>  ><
 
 Cycle: 157 of 200
 Pop: 1000000 -> 999951
 Elapsed time:   0:47:08
 End time:       1:00:03
 Time to end:    0:12:54
 k-eff (analog):  0.70047 +/-  0.00019                                 
 <((((*>  ><((((*>  ><((((*>  ><((((*>  ><((((*>  ><((((*>  ><((((*>  >
 
 Cycle: 158 of 200
 Pop: 1000000 -> 1000821
 Elapsed time:   0:47:26
 End time:       1:00:03
 Time to end:    0:12:36
 k-eff (analog):  0.70047 +/-  0.00018                                 
 ><((((*>  ><((((*>  ><((((*>  ><((((*>  ><((((*>  ><((((*>  ><((((*>  
 
 Cycle: 159 of 200
 Pop: 1000000 -> 1000608
 Elapsed time:   0:47:45
 End time:       1:00:03
 Time to end:    0:12:18
 k-eff (analog):  0.70047 +/-  0.00018                                 
  ><((((*>  ><((((*>  ><((((*>  ><((((*>  ><((((*>  ><((((*>  ><((((*> 
 
 Cycle: 160 of 200
 Pop: 1000000 -> 998750
 Elapsed time:   0:48:03
 End time:       1:00:04
 Time to end:    0:12:00
 k-eff (analog):  0.70047 +/-  0.00018                                 
   ><((((*>  ><((((*>  ><((((*>  ><((((*>  ><((((*>  ><((((*>  ><((((*>
 
 Cycle: 161 of 200
 Pop: 1000000 -> 998828
 Elapsed time:   0:48:22
 End time:       1:00:06
 Time to end:    0:11:43
 k-eff (analog):  0.70046 +/-  0.00018                                 
 >  ><((((*>  ><((((*>  ><((((*>  ><((((*>  ><((((*>  ><((((*>  ><((((*
 
 Cycle: 162 of 200
 Pop: 1000000 -> 997533
 Elapsed time:   0:48:41
 End time:       1:00:06
 Time to end:    0:11:25
 k-eff (analog):  0.70045 +/-  0.00018                                 
 *>  ><((((*>  ><((((*>  ><((((*>  ><((((*>  ><((((*>  ><((((*>  ><((((
 
 Cycle: 163 of 200
 Pop: 1000000 -> 998765
 Elapsed time:   0:48:59
 End time:       1:00:06
 Time to end:    0:11:07
 k-eff (analog):  0.70045 +/-  0.00018                                 
 (*>  ><((((*>  ><((((*>  ><((((*>  ><((((*>  ><((((*>  ><((((*>  ><(((
 
 Cycle: 164 of 200
 Pop: 1000000 -> 1000186
 Elapsed time:   0:49:17
 End time:       1:00:06
 Time to end:    0:10:49
 k-eff (analog):  0.70045 +/-  0.00018                                 
 ((*>  ><((((*>  ><((((*>  ><((((*>  ><((((*>  ><((((*>  ><((((*>  ><((
 
 Cycle: 165 of 200
 Pop: 1000000 -> 999459
 Elapsed time:   0:49:35
 End time:       1:00:07
 Time to end:    0:10:31
 k-eff (analog):  0.70044 +/-  0.00018                                 
 (((*>  ><((((*>  ><((((*>  ><((((*>  ><((((*>  ><((((*>  ><((((*>  ><(
 
 Cycle: 166 of 200
 Pop: 1000000 -> 1000184
 Elapsed time:   0:49:54
 End time:       1:00:07
 Time to end:    0:10:13
 k-eff (analog):  0.70045 +/-  0.00018                                 
 ((((*>  ><((((*>  ><((((*>  ><((((*>  ><((((*>  ><((((*>  ><((((*>  ><
 
 Cycle: 167 of 200
 Pop: 1000000 -> 999153
 Elapsed time:   0:50:12
 End time:       1:00:07
 Time to end:    0:09:55
 k-eff (analog):  0.70044 +/-  0.00017                                 
 <((((*>  ><((((*>  ><((((*>  ><((((*>  ><((((*>  ><((((*>  ><((((*>  >
 
 Cycle: 168 of 200
 Pop: 1000000 -> 999089
 Elapsed time:   0:50:30
 End time:       1:00:08
 Time to end:    0:09:37
 k-eff (analog):  0.70044 +/-  0.00017                                 
 ><((((*>  ><((((*>  ><((((*>  ><((((*>  ><((((*>  ><((((*>  ><((((*>  
 
 Cycle: 169 of 200
 Pop: 1000000 -> 997736
 Elapsed time:   0:50:49
 End time:       1:00:08
 Time to end:    0:09:19
 k-eff (analog):  0.70043 +/-  0.00017                                 
  ><((((*>  ><((((*>  ><((((*>  ><((((*>  ><((((*>  ><((((*>  ><((((*> 
 
 Cycle: 170 of 200
 Pop: 1000000 -> 999300
 Elapsed time:   0:51:07
 End time:       1:00:08
 Time to end:    0:09:01
 k-eff (analog):  0.70043 +/-  0.00017                                 
   ><((((*>  ><((((*>  ><((((*>  ><((((*>  ><((((*>  ><((((*>  ><((((*>
 
 Cycle: 171 of 200
 Pop: 1000000 -> 999561
 Elapsed time:   0:51:26
 End time:       1:00:10
 Time to end:    0:08:43
 k-eff (analog):  0.70042 +/-  0.00017                                 
 >  ><((((*>  ><((((*>  ><((((*>  ><((((*>  ><((((*>  ><((((*>  ><((((*
 
 Cycle: 172 of 200
 Pop: 1000000 -> 1000308
 Elapsed time:   0:51:45
 End time:       1:00:10
 Time to end:    0:08:25
 k-eff (analog):  0.70043 +/-  0.00017                                 
 *>  ><((((*>  ><((((*>  ><((((*>  ><((((*>  ><((((*>  ><((((*>  ><((((
 
 Cycle: 173 of 200
 Pop: 1000000 -> 1001774
 Elapsed time:   0:52:03
 End time:       1:00:10
 Time to end:    0:08:07
 k-eff (analog):  0.70043 +/-  0.00017                                 
 (*>  ><((((*>  ><((((*>  ><((((*>  ><((((*>  ><((((*>  ><((((*>  ><(((
 
 Cycle: 174 of 200
 Pop: 1000000 -> 1002270
 Elapsed time:   0:52:21
 End time:       1:00:10
 Time to end:    0:07:49
 k-eff (analog):  0.70044 +/-  0.00017                                 
 ((*>  ><((((*>  ><((((*>  ><((((*>  ><((((*>  ><((((*>  ><((((*>  ><((
 
 Cycle: 175 of 200
 Pop: 1000000 -> 998507
 Elapsed time:   0:52:39
 End time:       1:00:11
 Time to end:    0:07:31
 k-eff (analog):  0.70044 +/-  0.00017                                 
 (((*>  ><((((*>  ><((((*>  ><((((*>  ><((((*>  ><((((*>  ><((((*>  ><(
 
 Cycle: 176 of 200
 Pop: 1000000 -> 999585
 Elapsed time:   0:52:58
 End time:       1:00:11
 Time to end:    0:07:13
 k-eff (analog):  0.70043 +/-  0.00017                                 
 ((((*>  ><((((*>  ><((((*>  ><((((*>  ><((((*>  ><((((*>  ><((((*>  ><
 
 Cycle: 177 of 200
 Pop: 1000000 -> 1000181
 Elapsed time:   0:53:16
 End time:       1:00:11
 Time to end:    0:06:55
 k-eff (analog):  0.70043 +/-  0.00017                                 
 <((((*>  ><((((*>  ><((((*>  ><((((*>  ><((((*>  ><((((*>  ><((((*>  >
 
 Cycle: 178 of 200
 Pop: 1000000 -> 998539
 Elapsed time:   0:53:34
 End time:       1:00:11
 Time to end:    0:06:37
 k-eff (analog):  0.70043 +/-  0.00016                                 
 ><((((*>  ><((((*>  ><((((*>  ><((((*>  ><((((*>  ><((((*>  ><((((*>  
 
 Cycle: 179 of 200
 Pop: 1000000 -> 1000360
 Elapsed time:   0:53:52
 End time:       1:00:12
 Time to end:    0:06:19
 k-eff (analog):  0.70043 +/-  0.00016                                 
  ><((((*>  ><((((*>  ><((((*>  ><((((*>  ><((((*>  ><((((*>  ><((((*> 
 
 Cycle: 180 of 200
 Pop: 1000000 -> 1000011
 Elapsed time:   0:54:10
 End time:       1:00:12
 Time to end:    0:06:01
 k-eff (analog):  0.70043 +/-  0.00016                                 
   ><((((*>  ><((((*>  ><((((*>  ><((((*>  ><((((*>  ><((((*>  ><((((*>
 
 Cycle: 181 of 200
 Pop: 1000000 -> 999384
 Elapsed time:   0:54:30
 End time:       1:00:13
 Time to end:    0:05:43
 k-eff (analog):  0.70043 +/-  0.00016                                 
 >  ><((((*>  ><((((*>  ><((((*>  ><((((*>  ><((((*>  ><((((*>  ><((((*
 
 Cycle: 182 of 200
 Pop: 1000000 -> 999612
 Elapsed time:   0:54:48
 End time:       1:00:13
 Time to end:    0:05:25
 k-eff (analog):  0.70043 +/-  0.00016                                 
 *>  ><((((*>  ><((((*>  ><((((*>  ><((((*>  ><((((*>  ><((((*>  ><((((
 
 Cycle: 183 of 200
 Pop: 1000000 -> 999720
 Elapsed time:   0:55:06
 End time:       1:00:13
 Time to end:    0:05:07
 k-eff (analog):  0.70043 +/-  0.00016                                 
 (*>  ><((((*>  ><((((*>  ><((((*>  ><((((*>  ><((((*>  ><((((*>  ><(((
 
 Cycle: 184 of 200
 Pop: 1000000 -> 997489
 Elapsed time:   0:55:25
 End time:       1:00:14
 Time to end:    0:04:49
 k-eff (analog):  0.70042 +/-  0.00016                                 
 ((*>  ><((((*>  ><((((*>  ><((((*>  ><((((*>  ><((((*>  ><((((*>  ><((
 
 Cycle: 185 of 200
 Pop: 1000000 -> 1000848
 Elapsed time:   0:55:43
 End time:       1:00:14
 Time to end:    0:04:31
 k-eff (analog):  0.70042 +/-  0.00016                                 
 (((*>  ><((((*>  ><((((*>  ><((((*>  ><((((*>  ><((((*>  ><((((*>  ><(
 
 Cycle: 186 of 200
 Pop: 1000000 -> 999046
 Elapsed time:   0:56:01
 End time:       1:00:14
 Time to end:    0:04:13
 k-eff (analog):  0.70042 +/-  0.00016                                 
 ((((*>  ><((((*>  ><((((*>  ><((((*>  ><((((*>  ><((((*>  ><((((*>  ><
 
 Cycle: 187 of 200
 Pop: 1000000 -> 997712
 Elapsed time:   0:56:19
 End time:       1:00:14
 Time to end:    0:03:54
 k-eff (analog):  0.70041 +/-  0.00016                                 
 <((((*>  ><((((*>  ><((((*>  ><((((*>  ><((((*>  ><((((*>  ><((((*>  >
 
 Cycle: 188 of 200
 Pop: 1000000 -> 999944
 Elapsed time:   0:56:38
 End time:       1:00:15
 Time to end:    0:03:36
 k-eff (analog):  0.70041 +/-  0.00016                                 
 ><((((*>  ><((((*>  ><((((*>  ><((((*>  ><((((*>  ><((((*>  ><((((*>  
 
 Cycle: 189 of 200
 Pop: 1000000 -> 1000489
 Elapsed time:   0:56:56
 End time:       1:00:15
 Time to end:    0:03:18
 k-eff (analog):  0.70041 +/-  0.00016                                 
  ><((((*>  ><((((*>  ><((((*>  ><((((*>  ><((((*>  ><((((*>  ><((((*> 
 
 Cycle: 190 of 200
 Pop: 1000000 -> 998192
 Elapsed time:   0:57:14
 End time:       1:00:15
 Time to end:    0:03:00
 k-eff (analog):  0.70040 +/-  0.00016                                 
   ><((((*>  ><((((*>  ><((((*>  ><((((*>  ><((((*>  ><((((*>  ><((((*>
 
 Cycle: 191 of 200
 Pop: 1000000 -> 1000474
 Elapsed time:   0:57:33
 End time:       1:00:16
 Time to end:    0:02:42
 k-eff (analog):  0.70040 +/-  0.00015                                 
 >  ><((((*>  ><((((*>  ><((((*>  ><((((*>  ><((((*>  ><((((*>  ><((((*
 
 Cycle: 192 of 200
 Pop: 1000000 -> 998146
 Elapsed time:   0:57:52
 End time:       1:00:16
 Time to end:    0:02:24
 k-eff (analog):  0.70040 +/-  0.00015                                 
 *>  ><((((*>  ><((((*>  ><((((*>  ><((((*>  ><((((*>  ><((((*>  ><((((
 
 Cycle: 193 of 200
 Pop: 1000000 -> 997893
 Elapsed time:   0:58:10
 End time:       1:00:16
 Time to end:    0:02:06
 k-eff (analog):  0.70039 +/-  0.00015                                 
 (*>  ><((((*>  ><((((*>  ><((((*>  ><((((*>  ><((((*>  ><((((*>  ><(((
 
 Cycle: 194 of 200
 Pop: 1000000 -> 1000499
 Elapsed time:   0:58:28
 End time:       1:00:16
 Time to end:    0:01:48
 k-eff (analog):  0.70039 +/-  0.00015                                 
 ((*>  ><((((*>  ><((((*>  ><((((*>  ><((((*>  ><((((*>  ><((((*>  ><((
 
 Cycle: 195 of 200
 Pop: 1000000 -> 1000590
 Elapsed time:   0:58:46
 End time:       1:00:16
 Time to end:    0:01:30
 k-eff (analog):  0.70039 +/-  0.00015                                 
 (((*>  ><((((*>  ><((((*>  ><((((*>  ><((((*>  ><((((*>  ><((((*>  ><(
 
 Cycle: 196 of 200
 Pop: 1000000 -> 998828
 Elapsed time:   0:59:04
 End time:       1:00:16
 Time to end:    0:01:12
 k-eff (analog):  0.70039 +/-  0.00015                                 
 ((((*>  ><((((*>  ><((((*>  ><((((*>  ><((((*>  ><((((*>  ><((((*>  ><
 
 Cycle: 197 of 200
 Pop: 1000000 -> 999196
 Elapsed time:   0:59:22
 End time:       1:00:17
 Time to end:    0:00:54
 k-eff (analog):  0.70039 +/-  0.00015                                 
 <((((*>  ><((((*>  ><((((*>  ><((((*>  ><((((*>  ><((((*>  ><((((*>  >
 
 Cycle: 198 of 200
 Pop: 1000000 -> 999974
 Elapsed time:   0:59:40
 End time:       1:00:17
 Time to end:    0:00:36
 k-eff (analog):  0.70039 +/-  0.00015                                 
 ><((((*>  ><((((*>  ><((((*>  ><((((*>  ><((((*>  ><((((*>  ><((((*>  
 
 Cycle: 199 of 200
 Pop: 1000000 -> 999158
 Elapsed time:   0:59:59
 End time:       1:00:17
 Time to end:    0:00:18
 k-eff (analog):  0.70038 +/-  0.00015                                 
  ><((((*>  ><((((*>  ><((((*>  ><((((*>  ><((((*>  ><((((*>  ><((((*> 
 
 Cycle: 200 of 200
 Pop: 1000000 -> 1000180
 Elapsed time:   1:00:17
 End time:       1:00:17
 Time to end:    0:00:00
 k-eff (analog):  0.70038 +/-  0.00015                                 
   ><((((*>  ><((((*>  ><((((*>  ><((((*>  ><((((*>  ><((((*>  ><((((*>
 
 Cycle: 1 of 100
 Pop: 1000000 -> 996507
 Elapsed time:   0:00:19
 End time:       0:32:04
 Time to end:    0:31:45
 k-eff (implicit):  0.69897 +/-  0.00000                               
 >  ><((((*>  ><((((*>  ><((((*>  ><((((*>  ><((((*>  ><((((*>  ><((((*
 
 Cycle: 2 of 100
 Pop: 1000000 -> 1000937
 Elapsed time:   0:00:38
 End time:       0:32:01
 Time to end:    0:31:23
 k-eff (implicit):  0.69942 +/-  0.00045                               
 *>  ><((((*>  ><((((*>  ><((((*>  ><((((*>  ><((((*>  ><((((*>  ><((((
 
 Cycle: 3 of 100
 Pop: 1000000 -> 1000501
 Elapsed time:   0:00:57
 End time:       0:32:02
 Time to end:    0:31:04
 k-eff (implicit):  0.69969 +/-  0.00037                               
 (*>  ><((((*>  ><((((*>  ><((((*>  ><((((*>  ><((((*>  ><((((*>  ><(((
 
 Cycle: 4 of 100
 Pop: 1000000 -> 1004111
 Elapsed time:   0:01:17
 End time:       0:32:05
 Time to end:    0:30:48
 k-eff (implicit):  0.69996 +/-  0.00038                               
 ((*>  ><((((*>  ><((((*>  ><((((*>  ><((((*>  ><((((*>  ><((((*>  ><((
 
 Cycle: 5 of 100
 Pop: 1000000 -> 1001537
 Elapsed time:   0:01:36
 End time:       0:32:07
 Time to end:    0:30:30
 k-eff (implicit):  0.69997 +/-  0.00029                               
 (((*>  ><((((*>  ><((((*>  ><((((*>  ><((((*>  ><((((*>  ><((((*>  ><(
 
 Cycle: 6 of 100
 Pop: 1000000 -> 1000698
 Elapsed time:   0:01:55
 End time:       0:32:08
 Time to end:    0:30:12
 k-eff (implicit):  0.70001 +/-  0.00024                               
 ((((*>  ><((((*>  ><((((*>  ><((((*>  ><((((*>  ><((((*>  ><((((*>  ><
 
 Cycle: 7 of 100
 Pop: 1000000 -> 1000750
 Elapsed time:   0:02:15
 End time:       0:32:08
 Time to end:    0:29:53
 k-eff (implicit):  0.69997 +/-  0.00021                               
 <((((*>  ><((((*>  ><((((*>  ><((((*>  ><((((*>  ><((((*>  ><((((*>  >
 
 Cycle: 8 of 100
 Pop: 1000000 -> 1000023
 Elapsed time:   0:02:34
 End time:       0:32:08
 Time to end:    0:29:34
 k-eff (implicit):  0.70007 +/-  0.00021                               
 ><((((*>  ><((((*>  ><((((*>  ><((((*>  ><((((*>  ><((((*>  ><((((*>  
 
 Cycle: 9 of 100
 Pop: 1000000 -> 999305
 Elapsed time:   0:02:53
 End time:       0:32:10
 Time to end:    0:29:17
 k-eff (implicit):  0.70004 +/-  0.00019                               
  ><((((*>  ><((((*>  ><((((*>  ><((((*>  ><((((*>  ><((((*>  ><((((*> 
 
 Cycle: 10 of 100
 Pop: 1000000 -> 1001596
 Elapsed time:   0:03:12
 End time:       0:32:09
 Time to end:    0:28:56
 k-eff (implicit):  0.70011 +/-  0.00018                               
   ><((((*>  ><((((*>  ><((((*>  ><((((*>  ><((((*>  ><((((*>  ><((((*>
 
 Cycle: 11 of 100
 Pop: 1000000 -> 999989
 Elapsed time:   0:03:32
 End time:       0:32:10
 Time to end:    0:28:37
 k-eff (implicit):  0.70010 +/-  0.00016                               
 >  ><((((*>  ><((((*>  ><((((*>  ><((((*>  ><((((*>  ><((((*>  ><((((*
 
 Cycle: 12 of 100
 Pop: 1000000 -> 1000612
 Elapsed time:   0:03:51
 End time:       0:32:10
 Time to end:    0:28:19
 k-eff (implicit):  0.70014 +/-  0.00015                               
 *>  ><((((*>  ><((((*>  ><((((*>  ><((((*>  ><((((*>  ><((((*>  ><((((
 
 Cycle: 13 of 100
 Pop: 1000000 -> 1002148
 Elapsed time:   0:04:11
 End time:       0:32:10
 Time to end:    0:27:59
 k-eff (implicit):  0.70016 +/-  0.00014                               
 (*>  ><((((*>  ><((((*>  ><((((*>  ><((((*>  ><((((*>  ><((((*>  ><(((
 
 Cycle: 14 of 100
 Pop: 1000000 -> 1000503
 Elapsed time:   0:04:30
 End time:       0:32:11
 Time to end:    0:27:40
 k-eff (implicit):  0.70018 +/-  0.00013                               
 ((*>  ><((((*>  ><((((*>  ><((((*>  ><((((*>  ><((((*>  ><((((*>  ><((
 
 Cycle: 15 of 100
 Pop: 1000000 -> 999138
 Elapsed time:   0:04:49
 End time:       0:32:12
 Time to end:    0:27:22
 k-eff (implicit):  0.70013 +/-  0.00013                               
 (((*>  ><((((*>  ><((((*>  ><((((*>  ><((((*>  ><((((*>  ><((((*>  ><(
 
 Cycle: 16 of 100
 Pop: 1000000 -> 998531
 Elapsed time:   0:05:09
 End time:       0:32:12
 Time to end:    0:27:03
 k-eff (implicit):  0.70014 +/-  0.00012                               
 ((((*>  ><((((*>  ><((((*>  ><((((*>  ><((((*>  ><((((*>  ><((((*>  ><
 
 Cycle: 17 of 100
 Pop: 1000000 -> 1002017
 Elapsed time:   0:05:28
 End time:       0:32:11
 Time to end:    0:26:43
 k-eff (implicit):  0.70021 +/-  0.00013                               
 <((((*>  ><((((*>  ><((((*>  ><((((*>  ><((((*>  ><((((*>  ><((((*>  >
 
 Cycle: 18 of 100
 Pop: 1000000 -> 999440
 Elapsed time:   0:05:47
 End time:       0:32:12
 Time to end:    0:26:24
 k-eff (implicit):  0.70016 +/-  0.00014                               
 ><((((*>  ><((((*>  ><((((*>  ><((((*>  ><((((*>  ><((((*>  ><((((*>  
 
 Cycle: 19 of 100
 Pop: 1000000 -> 999963
 Elapsed time:   0:06:07
 End time:       0:32:12
 Time to end:    0:26:05
 k-eff (implicit):  0.70016 +/-  0.00013                               
  ><((((*>  ><((((*>  ><((((*>  ><((((*>  ><((((*>  ><((((*>  ><((((*> 
 
 Cycle: 20 of 100
 Pop: 1000000 -> 999917
 Elapsed time:   0:06:26
 End time:       0:32:13
 Time to end:    0:25:46
 k-eff (implicit):  0.70017 +/-  0.00012                               
   ><((((*>  ><((((*>  ><((((*>  ><((((*>  ><((((*>  ><((((*>  ><((((*>
 
 Cycle: 21 of 100
 Pop: 1000000 -> 999772
 Elapsed time:   0:06:46
 End time:       0:32:13
 Time to end:    0:25:27
 k-eff (implicit):  0.70013 +/-  0.00012                               
 >  ><((((*>  ><((((*>  ><((((*>  ><((((*>  ><((((*>  ><((((*>  ><((((*
 
 Cycle: 22 of 100
 Pop: 1000000 -> 999961
 Elapsed time:   0:07:05
 End time:       0:32:14
 Time to end:    0:25:08
 k-eff (implicit):  0.70009 +/-  0.00012                               
 *>  ><((((*>  ><((((*>  ><((((*>  ><((((*>  ><((((*>  ><((((*>  ><((((
 
 Cycle: 23 of 100
 Pop: 1000000 -> 1001186
 Elapsed time:   0:07:24
 End time:       0:32:14
 Time to end:    0:24:49
 k-eff (implicit):  0.70009 +/-  0.00012                               
 (*>  ><((((*>  ><((((*>  ><((((*>  ><((((*>  ><((((*>  ><((((*>  ><(((
 
 Cycle: 24 of 100
 Pop: 1000000 -> 997478
 Elapsed time:   0:07:44
 End time:       0:32:14
 Time to end:    0:24:30
 k-eff (implicit):  0.70009 +/-  0.00011                               
 ((*>  ><((((*>  ><((((*>  ><((((*>  ><((((*>  ><((((*>  ><((((*>  ><((
 
 Cycle: 25 of 100
 Pop: 1000000 -> 998694
 Elapsed time:   0:08:03
 End time:       0:32:14
 Time to end:    0:24:10
 k-eff (implicit):  0.70007 +/-  0.00011                               
 (((*>  ><((((*>  ><((((*>  ><((((*>  ><((((*>  ><((((*>  ><((((*>  ><(
 
 Cycle: 26 of 100
 Pop: 1000000 -> 1001266
 Elapsed time:   0:08:22
 End time:       0:32:14
 Time to end:    0:23:51
 k-eff (implicit):  0.70011 +/-  0.00011                               
 ((((*>  ><((((*>  ><((((*>  ><((((*>  ><((((*>  ><((((*>  ><((((*>  ><
 
 Cycle: 27 of 100
 Pop: 1000000 -> 999219
 Elapsed time:   0:08:42
 End time:       0:32:14
 Time to end:    0:23:32
 k-eff (implicit):  0.70011 +/-  0.00011                               
 <((((*>  ><((((*>  ><((((*>  ><((((*>  ><((((*>  ><((((*>  ><((((*>  >
 
 Cycle: 28 of 100
 Pop: 1000000 -> 1000254
 Elapsed time:   0:09:01
 End time:       0:32:14
 Time to end:    0:23:12
 k-eff (implicit):  0.70013 +/-  0.00011                               
 ><((((*>  ><((((*>  ><((((*>  ><((((*>  ><((((*>  ><((((*>  ><((((*>  
 
 Cycle: 29 of 100
 Pop: 1000000 -> 999726
 Elapsed time:   0:09:21
 End time:       0:32:14
 Time to end:    0:22:53
 k-eff (implicit):  0.70012 +/-  0.00010                               
  ><((((*>  ><((((*>  ><((((*>  ><((((*>  ><((((*>  ><((((*>  ><((((*> 
 
 Cycle: 30 of 100
 Pop: 1000000 -> 1000795
 Elapsed time:   0:09:40
 End time:       0:32:14
 Time to end:    0:22:34
 k-eff (implicit):  0.70013 +/-  0.00010                               
   ><((((*>  ><((((*>  ><((((*>  ><((((*>  ><((((*>  ><((((*>  ><((((*>
 
 Cycle: 31 of 100
 Pop: 1000000 -> 998523
 Elapsed time:   0:09:59
 End time:       0:32:14
 Time to end:    0:22:15
 k-eff (implicit):  0.70013 +/-  0.00010                               
 >  ><((((*>  ><((((*>  ><((((*>  ><((((*>  ><((((*>  ><((((*>  ><((((*
 
 Cycle: 32 of 100
 Pop: 1000000 -> 998636
 Elapsed time:   0:10:19
 End time:       0:32:14
 Time to end:    0:21:55
 k-eff (implicit):  0.70016 +/-  0.00010                               
 *>  ><((((*>  ><((((*>  ><((((*>  ><((((*>  ><((((*>  ><((((*>  ><((((
 
 Cycle: 33 of 100
 Pop: 1000000 -> 998980
 Elapsed time:   0:10:38
 End time:       0:32:14
 Time to end:    0:21:36
 k-eff (implicit):  0.70020 +/-  0.00010                               
 (*>  ><((((*>  ><((((*>  ><((((*>  ><((((*>  ><((((*>  ><((((*>  ><(((
 
 Cycle: 34 of 100
 Pop: 1000000 -> 1000780
 Elapsed time:   0:10:57
 End time:       0:32:14
 Time to end:    0:21:16
 k-eff (implicit):  0.70020 +/-  0.00010                               
 ((*>  ><((((*>  ><((((*>  ><((((*>  ><((((*>  ><((((*>  ><((((*>  ><((
 
 Cycle: 35 of 100
 Pop: 1000000 -> 999018
 Elapsed time:   0:11:16
 End time:       0:32:14
 Time to end:    0:20:57
 k-eff (implicit):  0.70019 +/-  0.00010                               
 (((*>  ><((((*>  ><((((*>  ><((((*>  ><((((*>  ><((((*>  ><((((*>  ><(
 
 Cycle: 36 of 100
 Pop: 1000000 -> 1000630
 Elapsed time:   0:11:36
 End time:       0:32:13
 Time to end:    0:20:37
 k-eff (implicit):  0.70020 +/-  0.00010                               
 ((((*>  ><((((*>  ><((((*>  ><((((*>  ><((((*>  ><((((*>  ><((((*>  ><
 
 Cycle: 37 of 100
 Pop: 1000000 -> 998777
 Elapsed time:   0:11:55
 End time:       0:32:14
 Time to end:    0:20:18
 k-eff (implicit):  0.70019 +/-  0.00009                               
 <((((*>  ><((((*>  ><((((*>  ><((((*>  ><((((*>  ><((((*>  ><((((*>  >
 
 Cycle: 38 of 100
 Pop: 1000000 -> 1000307
 Elapsed time:   0:12:14
 End time:       0:32:13
 Time to end:    0:19:58
 k-eff (implicit):  0.70017 +/-  0.00009                               
 ><((((*>  ><((((*>  ><((((*>  ><((((*>  ><((((*>  ><((((*>  ><((((*>  
 
 Cycle: 39 of 100
 Pop: 1000000 -> 1001926
 Elapsed time:   0:12:34
 End time:       0:32:13
 Time to end:    0:19:39
 k-eff (implicit):  0.70020 +/-  0.00009                               
  ><((((*>  ><((((*>  ><((((*>  ><((((*>  ><((((*>  ><((((*>  ><((((*> 
 
 Cycle: 40 of 100
 Pop: 1000000 -> 1000085
 Elapsed time:   0:12:53
 End time:       0:32:13
 Time to end:    0:19:20
 k-eff (implicit):  0.70018 +/-  0.00009                               
   ><((((*>  ><((((*>  ><((((*>  ><((((*>  ><((((*>  ><((((*>  ><((((*>
 
 Cycle: 41 of 100
 Pop: 1000000 -> 1001646
 Elapsed time:   0:13:12
 End time:       0:32:13
 Time to end:    0:19:00
 k-eff (implicit):  0.70019 +/-  0.00009                               
 >  ><((((*>  ><((((*>  ><((((*>  ><((((*>  ><((((*>  ><((((*>  ><((((*
 
 Cycle: 42 of 100
 Pop: 1000000 -> 1000970
 Elapsed time:   0:13:31
 End time:       0:32:13
 Time to end:    0:18:41
 k-eff (implicit):  0.70021 +/-  0.00009                               
 *>  ><((((*>  ><((((*>  ><((((*>  ><((((*>  ><((((*>  ><((((*>  ><((((
 
 Cycle: 43 of 100
 Pop: 1000000 -> 1001855
 Elapsed time:   0:13:51
 End time:       0:32:13
 Time to end:    0:18:22
 k-eff (implicit):  0.70022 +/-  0.00009                               
 (*>  ><((((*>  ><((((*>  ><((((*>  ><((((*>  ><((((*>  ><((((*>  ><(((
 
 Cycle: 44 of 100
 Pop: 1000000 -> 1002407
 Elapsed time:   0:14:10
 End time:       0:32:13
 Time to end:    0:18:02
 k-eff (implicit):  0.70024 +/-  0.00009                               
 ((*>  ><((((*>  ><((((*>  ><((((*>  ><((((*>  ><((((*>  ><((((*>  ><((
 
 Cycle: 45 of 100
 Pop: 1000000 -> 999578
 Elapsed time:   0:14:30
 End time:       0:32:14
 Time to end:    0:17:43
 k-eff (implicit):  0.70025 +/-  0.00009                               
 (((*>  ><((((*>  ><((((*>  ><((((*>  ><((((*>  ><((((*>  ><((((*>  ><(
 
 Cycle: 46 of 100
 Pop: 1000000 -> 1000130
 Elapsed time:   0:14:49
 End time:       0:32:13
 Time to end:    0:17:24
 k-eff (implicit):  0.70023 +/-  0.00009                               
 ((((*>  ><((((*>  ><((((*>  ><((((*>  ><((((*>  ><((((*>  ><((((*>  ><
 
 Cycle: 47 of 100
 Pop: 1000000 -> 996593
 Elapsed time:   0:15:08
 End time:       0:32:14
 Time to end:    0:17:05
 k-eff (implicit):  0.70022 +/-  0.00009                               
 <((((*>  ><((((*>  ><((((*>  ><((((*>  ><((((*>  ><((((*>  ><((((*>  >
 
 Cycle: 48 of 100
 Pop: 1000000 -> 1001444
 Elapsed time:   0:15:28
 End time:       0:32:13
 Time to end:    0:16:45
 k-eff (implicit):  0.70021 +/-  0.00009                               
 ><((((*>  ><((((*>  ><((((*>  ><((((*>  ><((((*>  ><((((*>  ><((((*>  
 
 Cycle: 49 of 100
 Pop: 1000000 -> 996314
 Elapsed time:   0:15:47
 End time:       0:32:13
 Time to end:    0:16:26
 k-eff (implicit):  0.70018 +/-  0.00009                               
  ><((((*>  ><((((*>  ><((((*>  ><((((*>  ><((((*>  ><((((*>  ><((((*> 
 
 Cycle: 50 of 100
 Pop: 1000000 -> 999226
 Elapsed time:   0:16:06
 End time:       0:32:13
 Time to end:    0:16:06
 k-eff (implicit):  0.70018 +/-  0.00009                               
   ><((((*>  ><((((*>  ><((((*>  ><((((*>  ><((((*>  ><((((*>  ><((((*>
 
 Cycle: 51 of 100
 Pop: 1000000 -> 998677
 Elapsed time:   0:16:26
 End time:       0:32:13
 Time to end:    0:15:47
 k-eff (implicit):  0.70015 +/-  0.00009                               
 >  ><((((*>  ><((((*>  ><((((*>  ><((((*>  ><((((*>  ><((((*>  ><((((*
 
 Cycle: 52 of 100
 Pop: 1000000 -> 1000381
 Elapsed time:   0:16:45
 End time:       0:32:13
 Time to end:    0:15:27
 k-eff (implicit):  0.70014 +/-  0.00009                               
 *>  ><((((*>  ><((((*>  ><((((*>  ><((((*>  ><((((*>  ><((((*>  ><((((
 
 Cycle: 53 of 100
 Pop: 1000000 -> 998698
 Elapsed time:   0:17:04
 End time:       0:32:13
 Time to end:    0:15:08
 k-eff (implicit):  0.70013 +/-  0.00009                               
 (*>  ><((((*>  ><((((*>  ><((((*>  ><((((*>  ><((((*>  ><((((*>  ><(((
 
 Cycle: 54 of 100
 Pop: 1000000 -> 1000745
 Elapsed time:   0:17:23
 End time:       0:32:12
 Time to end:    0:14:49
 k-eff (implicit):  0.70012 +/-  0.00009                               
 ((*>  ><((((*>  ><((((*>  ><((((*>  ><((((*>  ><((((*>  ><((((*>  ><((
 
 Cycle: 55 of 100
 Pop: 1000000 -> 1001635
 Elapsed time:   0:17:43
 End time:       0:32:12
 Time to end:    0:14:29
 k-eff (implicit):  0.70013 +/-  0.00008                               
 (((*>  ><((((*>  ><((((*>  ><((((*>  ><((((*>  ><((((*>  ><((((*>  ><(
 
 Cycle: 56 of 100
 Pop: 1000000 -> 997980
 Elapsed time:   0:18:02
 End time:       0:32:12
 Time to end:    0:14:10
 k-eff (implicit):  0.70012 +/-  0.00008                               
 ((((*>  ><((((*>  ><((((*>  ><((((*>  ><((((*>  ><((((*>  ><((((*>  ><
 
 Cycle: 57 of 100
 Pop: 1000000 -> 1000975
 Elapsed time:   0:18:21
 End time:       0:32:12
 Time to end:    0:13:51
 k-eff (implicit):  0.70012 +/-  0.00008                               
 <((((*>  ><((((*>  ><((((*>  ><((((*>  ><((((*>  ><((((*>  ><((((*>  >
 
 Cycle: 58 of 100
 Pop: 1000000 -> 999298
 Elapsed time:   0:18:41
 End time:       0:32:12
 Time to end:    0:13:31
 k-eff (implicit):  0.70011 +/-  0.00008                               
 ><((((*>  ><((((*>  ><((((*>  ><((((*>  ><((((*>  ><((((*>  ><((((*>  
 
 Cycle: 59 of 100
 Pop: 1000000 -> 1000691
 Elapsed time:   0:19:00
 End time:       0:32:12
 Time to end:    0:13:12
 k-eff (implicit):  0.70012 +/-  0.00008                               
  ><((((*>  ><((((*>  ><((((*>  ><((((*>  ><((((*>  ><((((*>  ><((((*> 
 
 Cycle: 60 of 100
 Pop: 1000000 -> 998599
 Elapsed time:   0:19:19
 End time:       0:32:12
 Time to end:    0:12:53
 k-eff (implicit):  0.70013 +/-  0.00008                               
   ><((((*>  ><((((*>  ><((((*>  ><((((*>  ><((((*>  ><((((*>  ><((((*>
 
 Cycle: 61 of 100
 Pop: 1000000 -> 998595
 Elapsed time:   0:19:38
 End time:       0:32:12
 Time to end:    0:12:33
 k-eff (implicit):  0.70012 +/-  0.00008                               
 >  ><((((*>  ><((((*>  ><((((*>  ><((((*>  ><((((*>  ><((((*>  ><((((*
 
 Cycle: 62 of 100
 Pop: 1000000 -> 1000051
 Elapsed time:   0:19:58
 End time:       0:32:12
 Time to end:    0:12:14
 k-eff (implicit):  0.70013 +/-  0.00008                               
 *>  ><((((*>  ><((((*>  ><((((*>  ><((((*>  ><((((*>  ><((((*>  ><((((
 
 Cycle: 63 of 100
 Pop: 1000000 -> 999115
 Elapsed time:   0:20:17
 End time:       0:32:12
 Time to end:    0:11:54
 k-eff (implicit):  0.70012 +/-  0.00008                               
 (*>  ><((((*>  ><((((*>  ><((((*>  ><((((*>  ><((((*>  ><((((*>  ><(((
 
 Cycle: 64 of 100
 Pop: 1000000 -> 997109
 Elapsed time:   0:20:36
 End time:       0:32:12
 Time to end:    0:11:35
 k-eff (implicit):  0.70011 +/-  0.00008                               
 ((*>  ><((((*>  ><((((*>  ><((((*>  ><((((*>  ><((((*>  ><((((*>  ><((
 
 Cycle: 65 of 100
 Pop: 1000000 -> 1001283
 Elapsed time:   0:20:55
 End time:       0:32:12
 Time to end:    0:11:16
 k-eff (implicit):  0.70011 +/-  0.00007                               
 (((*>  ><((((*>  ><((((*>  ><((((*>  ><((((*>  ><((((*>  ><((((*>  ><(
 
 Cycle: 66 of 100
 Pop: 1000000 -> 1003370
 Elapsed time:   0:21:15
 End time:       0:32:11
 Time to end:    0:10:56
 k-eff (implicit):  0.70012 +/-  0.00007                               
 ((((*>  ><((((*>  ><((((*>  ><((((*>  ><((((*>  ><((((*>  ><((((*>  ><
 
 Cycle: 67 of 100
 Pop: 1000000 -> 1000155
 Elapsed time:   0:21:34
 End time:       0:32:11
 Time to end:    0:10:37
 k-eff (implicit):  0.70012 +/-  0.00007                               
 <((((*>  ><((((*>  ><((((*>  ><((((*>  ><((((*>  ><((((*>  ><((((*>  >
 
 Cycle: 68 of 100
 Pop: 1000000 -> 999550
 Elapsed time:   0:21:53
 End time:       0:32:11
 Time to end:    0:10:18
 k-eff (implicit):  0.70012 +/-  0.00007                               
 ><((((*>  ><((((*>  ><((((*>  ><((((*>  ><((((*>  ><((((*>  ><((((*>  
 
 Cycle: 69 of 100
 Pop: 1000000 -> 998068
 Elapsed time:   0:22:12
 End time:       0:32:11
 Time to end:    0:09:58
 k-eff (implicit):  0.70012 +/-  0.00007                               
  ><((((*>  ><((((*>  ><((((*>  ><((((*>  ><((((*>  ><((((*>  ><((((*> 
 
 Cycle: 70 of 100
 Pop: 1000000 -> 998167
 Elapsed time:   0:22:32
 End time:       0:32:11
 Time to end:    0:09:39
 k-eff (implicit):  0.70011 +/-  0.00007                               
   ><((((*>  ><((((*>  ><((((*>  ><((((*>  ><((((*>  ><((((*>  ><((((*>
 
 Cycle: 71 of 100
 Pop: 1000000 -> 999935
 Elapsed time:   0:22:51
 End time:       0:32:11
 Time to end:    0:09:20
 k-eff (implicit):  0.70010 +/-  0.00007                               
 >  ><((((*>  ><((((*>  ><((((*>  ><((((*>  ><((((*>  ><((((*>  ><((((*
 
 Cycle: 72 of 100
 Pop: 1000000 -> 1001483
 Elapsed time:   0:23:10
 End time:       0:32:11
 Time to end:    0:09:00
 k-eff (implicit):  0.70010 +/-  0.00007                               
 *>  ><((((*>  ><((((*>  ><((((*>  ><((((*>  ><((((*>  ><((((*>  ><((((
 
 Cycle: 73 of 100
 Pop: 1000000 -> 1000978
 Elapsed time:   0:23:29
 End time:       0:32:11
 Time to end:    0:08:41
 k-eff (implicit):  0.70010 +/-  0.00007                               
 (*>  ><((((*>  ><((((*>  ><((((*>  ><((((*>  ><((((*>  ><((((*>  ><(((
 
 Cycle: 74 of 100
 Pop: 1000000 -> 998883
 Elapsed time:   0:23:49
 End time:       0:32:11
 Time to end:    0:08:22
 k-eff (implicit):  0.70011 +/-  0.00007                               
 ((*>  ><((((*>  ><((((*>  ><((((*>  ><((((*>  ><((((*>  ><((((*>  ><((
 
 Cycle: 75 of 100
 Pop: 1000000 -> 999137
 Elapsed time:   0:24:08
 End time:       0:32:11
 Time to end:    0:08:02
 k-eff (implicit):  0.70010 +/-  0.00007                               
 (((*>  ><((((*>  ><((((*>  ><((((*>  ><((((*>  ><((((*>  ><((((*>  ><(
 
 Cycle: 76 of 100
 Pop: 1000000 -> 1000775
 Elapsed time:   0:24:27
 End time:       0:32:11
 Time to end:    0:07:43
 k-eff (implicit):  0.70011 +/-  0.00007                               
 ((((*>  ><((((*>  ><((((*>  ><((((*>  ><((((*>  ><((((*>  ><((((*>  ><
 
 Cycle: 77 of 100
 Pop: 1000000 -> 1001398
 Elapsed time:   0:24:46
 End time:       0:32:10
 Time to end:    0:07:24
 k-eff (implicit):  0.70012 +/-  0.00007                               
 <((((*>  ><((((*>  ><((((*>  ><((((*>  ><((((*>  ><((((*>  ><((((*>  >
 
 Cycle: 78 of 100
 Pop: 1000000 -> 999835
 Elapsed time:   0:25:06
 End time:       0:32:11
 Time to end:    0:07:04
 k-eff (implicit):  0.70011 +/-  0.00007                               
 ><((((*>  ><((((*>  ><((((*>  ><((((*>  ><((((*>  ><((((*>  ><((((*>  
 
 Cycle: 79 of 100
 Pop: 1000000 -> 999573
 Elapsed time:   0:25:25
 End time:       0:32:11
 Time to end:    0:06:45
 k-eff (implicit):  0.70012 +/-  0.00007                               
  ><((((*>  ><((((*>  ><((((*>  ><((((*>  ><((((*>  ><((((*>  ><((((*> 
 
 Cycle: 80 of 100
 Pop: 1000000 -> 999006
 Elapsed time:   0:25:44
 End time:       0:32:11
 Time to end:    0:06:26
 k-eff (implicit):  0.70013 +/-  0.00007                               
   ><((((*>  ><((((*>  ><((((*>  ><((((*>  ><((((*>  ><((((*>  ><((((*>
 
 Cycle: 81 of 100
 Pop: 1000000 -> 1000544
 Elapsed time:   0:26:04
 End time:       0:32:11
 Time to end:    0:06:06
 k-eff (implicit):  0.70013 +/-  0.00007                               
 >  ><((((*>  ><((((*>  ><((((*>  ><((((*>  ><((((*>  ><((((*>  ><((((*
 
 Cycle: 82 of 100
 Pop: 1000000 -> 999708
 Elapsed time:   0:26:23
 End time:       0:32:11
 Time to end:    0:05:47
 k-eff (implicit):  0.70012 +/-  0.00007                               
 *>  ><((((*>  ><((((*>  ><((((*>  ><((((*>  ><((((*>  ><((((*>  ><((((
 
 Cycle: 83 of 100
 Pop: 1000000 -> 1001317
 Elapsed time:   0:26:42
 End time:       0:32:11
 Time to end:    0:05:28
 k-eff (implicit):  0.70012 +/-  0.00007                               
 (*>  ><((((*>  ><((((*>  ><((((*>  ><((((*>  ><((((*>  ><((((*>  ><(((
 
 Cycle: 84 of 100
 Pop: 1000000 -> 1001209
 Elapsed time:   0:27:02
 End time:       0:32:11
 Time to end:    0:05:08
 k-eff (implicit):  0.70012 +/-  0.00007                               
 ((*>  ><((((*>  ><((((*>  ><((((*>  ><((((*>  ><((((*>  ><((((*>  ><((
 
 Cycle: 85 of 100
 Pop: 1000000 -> 1000867
 Elapsed time:   0:27:21
 End time:       0:32:11
 Time to end:    0:04:49
 k-eff (implicit):  0.70011 +/-  0.00006                               
 (((*>  ><((((*>  ><((((*>  ><((((*>  ><((((*>  ><((((*>  ><((((*>  ><(
 
 Cycle: 86 of 100
 Pop: 1000000 -> 1001182
 Elapsed time:   0:27:40
 End time:       0:32:11
 Time to end:    0:04:30
 k-eff (implicit):  0.70012 +/-  0.00006                               
 ((((*>  ><((((*>  ><((((*>  ><((((*>  ><((((*>  ><((((*>  ><((((*>  ><
 
 Cycle: 87 of 100
 Pop: 1000000 -> 1001002
 Elapsed time:   0:28:00
 End time:       0:32:11
 Time to end:    0:04:11
 k-eff (implicit):  0.70013 +/-  0.00006                               
 <((((*>  ><((((*>  ><((((*>  ><((((*>  ><((((*>  ><((((*>  ><((((*>  >
 
 Cycle: 88 of 100
 Pop: 1000000 -> 1001585
 Elapsed time:   0:28:19
 End time:       0:32:11
 Time to end:    0:03:51
 k-eff (implicit):  0.70014 +/-  0.00006                               
 ><((((*>  ><((((*>  ><((((*>  ><((((*>  ><((((*>  ><((((*>  ><((((*>  
 
 Cycle: 89 of 100
 Pop: 1000000 -> 999626
 Elapsed time:   0:28:38
 End time:       0:32:11
 Time to end:    0:03:32
 k-eff (implicit):  0.70014 +/-  0.00006                               
  ><((((*>  ><((((*>  ><((((*>  ><((((*>  ><((((*>  ><((((*>  ><((((*> 
 
 Cycle: 90 of 100
 Pop: 1000000 -> 999128
 Elapsed time:   0:28:58
 End time:       0:32:11
 Time to end:    0:03:13
 k-eff (implicit):  0.70014 +/-  0.00006                               
   ><((((*>  ><((((*>  ><((((*>  ><((((*>  ><((((*>  ><((((*>  ><((((*>
 
 Cycle: 91 of 100
 Pop: 1000000 -> 998953
 Elapsed time:   0:29:17
 End time:       0:32:11
 Time to end:    0:02:53
 k-eff (implicit):  0.70013 +/-  0.00006                               
 >  ><((((*>  ><((((*>  ><((((*>  ><((((*>  ><((((*>  ><((((*>  ><((((*
 
 Cycle: 92 of 100
 Pop: 1000000 -> 999117
 Elapsed time:   0:29:36
 End time:       0:32:11
 Time to end:    0:02:34
 k-eff (implicit):  0.70014 +/-  0.00006                               
 *>  ><((((*>  ><((((*>  ><((((*>  ><((((*>  ><((((*>  ><((((*>  ><((((
 
 Cycle: 93 of 100
 Pop: 1000000 -> 1000249
 Elapsed time:   0:29:56
 End time:       0:32:11
 Time to end:    0:02:15
 k-eff (implicit):  0.70015 +/-  0.00006                               
 (*>  ><((((*>  ><((((*>  ><((((*>  ><((((*>  ><((((*>  ><((((*>  ><(((
 
 Cycle: 94 of 100
 Pop: 1000000 -> 999101
 Elapsed time:   0:30:15
 End time:       0:32:11
 Time to end:    0:01:55
 k-eff (implicit):  0.70015 +/-  0.00006                               
 ((*>  ><((((*>  ><((((*>  ><((((*>  ><((((*>  ><((((*>  ><((((*>  ><((
 
 Cycle: 95 of 100
 Pop: 1000000 -> 1000687
 Elapsed time:   0:30:34
 End time:       0:32:11
 Time to end:    0:01:36
 k-eff (implicit):  0.70015 +/-  0.00006                               
 (((*>  ><((((*>  ><((((*>  ><((((*>  ><((((*>  ><((((*>  ><((((*>  ><(
 
 Cycle: 96 of 100
 Pop: 1000000 -> 999106
 Elapsed time:   0:30:54
 End time:       0:32:11
 Time to end:    0:01:17
 k-eff (implicit):  0.70015 +/-  0.00006                               
 ((((*>  ><((((*>  ><((((*>  ><((((*>  ><((((*>  ><((((*>  ><((((*>  ><
 
 Cycle: 97 of 100
 Pop: 1000000 -> 1000362
 Elapsed time:   0:31:13
 End time:       0:32:11
 Time to end:    0:00:57
 k-eff (implicit):  0.70015 +/-  0.00006                               
 <((((*>  ><((((*>  ><((((*>  ><((((*>  ><((((*>  ><((((*>  ><((((*>  >
 
 Cycle: 98 of 100
 Pop: 1000000 -> 998808
 Elapsed time:   0:31:32
 End time:       0:32:11
 Time to end:    0:00:38
 k-eff (implicit):  0.70014 +/-  0.00006                               
 ><((((*>  ><((((*>  ><((((*>  ><((((*>  ><((((*>  ><((((*>  ><((((*>  
 
 Cycle: 99 of 100
 Pop: 1000000 -> 1000057
 Elapsed time:   0:31:52
 End time:       0:32:11
 Time to end:    0:00:19
 k-eff (implicit):  0.70014 +/-  0.00006                               
  ><((((*>  ><((((*>  ><((((*>  ><((((*>  ><((((*>  ><((((*>  ><((((*> 
 
 Cycle: 100 of 100
 Pop: 1000000 -> 1001465
 Elapsed time:   0:32:11
 End time:       0:32:11
 Time to end:    0:00:00
 k-eff (implicit):  0.70013 +/-  0.00006                               
 
 \/\/ END OF EIGENVALUE CALCULATION \/\/
 
 Total calculation time:   1:32:45
 Have a good day and enjoy your results analysis!
